Component: ARM Compiler 5.06 update 6 (build 750) Tool: armlink [4d35ed]

==============================================================================

Section Cross References

    main.o(i.JTAGDisable) refers to stm32f10x_rcc.o(i.RCC_APB2PeriphClockCmd) for RCC_APB2PeriphClockCmd
    main.o(i.JTAGDisable) refers to stm32f10x_gpio.o(i.GPIO_PinRemapConfig) for GPIO_PinRemapConfig
    main.o(i.main) refers to delay.o(i.delay_init) for delay_init
    main.o(i.main) refers to main.o(i.JTAGDisable) for JTAGDisable
    main.o(i.main) refers to misc.o(i.NVIC_PriorityGroupConfig) for NVIC_PriorityGroupConfig
    main.o(i.main) refers to menu.o(i.menu_int) for menu_int
    main.o(i.main) refers to hx711.o(i.Init_HX711pin) for Init_HX711pin
    main.o(i.main) refers to solgui_common.o(i.SOLGUI_Refresh) for SOLGUI_Refresh
    main.o(i.main) refers to hx711.o(i.Get_Maopi) for Get_Maopi
    main.o(i.main) refers to delay.o(i.delay_ms) for delay_ms
    main.o(i.main) refers to usart.o(i.uart_init) for uart_init
    main.o(i.main) refers to timer.o(i.TIM3_Int_Init) for TIM3_Int_Init
    main.o(i.main) refers to solgui_menu.o(i.SOLGUI_Menu_PageStage) for SOLGUI_Menu_PageStage
    menu.o(i._FirstPage) refers to solgui_widget.o(i.SOLGUI_Cursor) for SOLGUI_Cursor
    menu.o(i._FirstPage) refers to solgui_widget.o(i.SOLGUI_Widget_OptionText) for SOLGUI_Widget_OptionText
    menu.o(i._FirstPage) refers to hx711.o(.data) for Weight_Shiwu
    menu.o(i.menu_int) refers to solgui_common.o(i.SOLGUI_Init) for SOLGUI_Init
    menu.o(i.menu_int) refers to menu.o(.data) for FirstPage
    menu.o(.data) refers to menu.o(.conststring) for .conststring
    menu.o(.data) refers to menu.o(i._FirstPage) for _FirstPage
    menu.o(.data) refers to menu.o(i._MODE1) for _MODE1
    menu.o(.data) refers to menu.o(i._MODE2) for _MODE2
    key.o(i.KEY_Init) refers to stm32f10x_rcc.o(i.RCC_APB2PeriphClockCmd) for RCC_APB2PeriphClockCmd
    key.o(i.KEY_Init) refers to stm32f10x_gpio.o(i.GPIO_PinRemapConfig) for GPIO_PinRemapConfig
    key.o(i.KEY_Init) refers to stm32f10x_gpio.o(i.GPIO_Init) for GPIO_Init
    key.o(i.Key_GetValue) refers to key.o(i.KeyRead) for KeyRead
    key.o(i.Key_GetValue) refers to key.o(.data) for key_value
    key.o(.data) refers to key.o(i.Is_Key_R_Down) for Is_Key_R_Down
    key.o(.data) refers to key.o(i.Is_Key_D_Down) for Is_Key_D_Down
    key.o(.data) refers to key.o(i.Is_Key_L_Down) for Is_Key_L_Down
    key.o(.data) refers to key.o(i.Is_Key_OK_Down) for Is_Key_OK_Down
    key.o(.data) refers to key.o(i.Is_Key_U_Down) for Is_Key_U_Down
    key.o(.data) refers to key.o(i.Is_Key_BK_Down) for Is_Key_BK_Down
    oled.o(i.I2C_Start) refers to stm32f10x_gpio.o(i.GPIO_SetBits) for GPIO_SetBits
    oled.o(i.I2C_Start) refers to oled.o(i.IIC_delay) for IIC_delay
    oled.o(i.I2C_Start) refers to stm32f10x_gpio.o(i.GPIO_ResetBits) for GPIO_ResetBits
    oled.o(i.I2C_Stop) refers to stm32f10x_gpio.o(i.GPIO_SetBits) for GPIO_SetBits
    oled.o(i.I2C_Stop) refers to stm32f10x_gpio.o(i.GPIO_ResetBits) for GPIO_ResetBits
    oled.o(i.I2C_Stop) refers to oled.o(i.IIC_delay) for IIC_delay
    oled.o(i.I2C_WaitAck) refers to stm32f10x_gpio.o(i.GPIO_SetBits) for GPIO_SetBits
    oled.o(i.I2C_WaitAck) refers to oled.o(i.IIC_delay) for IIC_delay
    oled.o(i.I2C_WaitAck) refers to stm32f10x_gpio.o(i.GPIO_ResetBits) for GPIO_ResetBits
    oled.o(i.OLED_Clear) refers to oled.o(i.OLED_Refresh) for OLED_Refresh
    oled.o(i.OLED_Clear) refers to oled.o(.bss) for OLED_GRAM
    oled.o(i.OLED_ColorTurn) refers to oled.o(i.OLED_WR_Byte) for OLED_WR_Byte
    oled.o(i.OLED_DisPlay_Off) refers to oled.o(i.OLED_WR_Byte) for OLED_WR_Byte
    oled.o(i.OLED_DisPlay_On) refers to oled.o(i.OLED_WR_Byte) for OLED_WR_Byte
    oled.o(i.OLED_DisplayTurn) refers to oled.o(i.OLED_WR_Byte) for OLED_WR_Byte
    oled.o(i.OLED_DrawCircle) refers to oled.o(i.OLED_DrawPoint) for OLED_DrawPoint
    oled.o(i.OLED_DrawLine) refers to oled.o(i.OLED_DrawPoint) for OLED_DrawPoint
    oled.o(i.OLED_DrawPoint) refers to oled.o(.bss) for OLED_GRAM
    oled.o(i.OLED_FillScreen) refers to oled.o(i.OLED_WR_Byte) for OLED_WR_Byte
    oled.o(i.OLED_Init) refers to stm32f10x_rcc.o(i.RCC_APB2PeriphClockCmd) for RCC_APB2PeriphClockCmd
    oled.o(i.OLED_Init) refers to stm32f10x_gpio.o(i.GPIO_Init) for GPIO_Init
    oled.o(i.OLED_Init) refers to stm32f10x_gpio.o(i.GPIO_SetBits) for GPIO_SetBits
    oled.o(i.OLED_Init) refers to oled.o(i.OLED_WR_Byte) for OLED_WR_Byte
    oled.o(i.OLED_Refresh) refers to oled.o(i.OLED_WR_Byte) for OLED_WR_Byte
    oled.o(i.OLED_Refresh) refers to oled.o(i.I2C_Start) for I2C_Start
    oled.o(i.OLED_Refresh) refers to oled.o(i.Send_Byte) for Send_Byte
    oled.o(i.OLED_Refresh) refers to oled.o(i.I2C_WaitAck) for I2C_WaitAck
    oled.o(i.OLED_Refresh) refers to oled.o(i.I2C_Stop) for I2C_Stop
    oled.o(i.OLED_Refresh) refers to oled.o(.bss) for OLED_GRAM
    oled.o(i.OLED_ScrollDisplay) refers to oled.o(i.OLED_ShowChinese) for OLED_ShowChinese
[...]
    ../clib/angel/startup.s                  0x00000000   Number         0  __main.o ABSOLUTE
    ../clib/angel/sys.s                      0x00000000   Number         0  libspace.o ABSOLUTE
    ../clib/angel/sys.s                      0x00000000   Number         0  use_no_semi_2.o ABSOLUTE
    ../clib/angel/sys.s                      0x00000000   Number         0  sys_stackheap_outer.o ABSOLUTE
    ../clib/angel/sys.s                      0x00000000   Number         0  indicate_semi.o ABSOLUTE
    ../clib/angel/sys.s                      0x00000000   Number         0  use_no_semi.o ABSOLUTE
    ../clib/angel/sysapp.c                   0x00000000   Number         0  sys_wrch.o ABSOLUTE
    ../clib/angel/sysapp.c                   0x00000000   Number         0  sys_command.o ABSOLUTE
    ../clib/armsys.c                         0x00000000   Number         0  argv_veneer.o ABSOLUTE
    ../clib/armsys.c                         0x00000000   Number         0  _get_argv_nomalloc.o ABSOLUTE
    ../clib/armsys.c                         0x00000000   Number         0  no_argv.o ABSOLUTE
    ../clib/armsys.c                         0x00000000   Number         0  argv_veneer.o ABSOLUTE
    ../clib/heapalloc.c                      0x00000000   Number         0  hrguard.o ABSOLUTE
    ../clib/heapaux.c                        0x00000000   Number         0  heapauxi.o ABSOLUTE
    ../clib/libinit.s                        0x00000000   Number         0  libinit2.o ABSOLUTE
    ../clib/libinit.s                        0x00000000   Number         0  libshutdown.o ABSOLUTE
    ../clib/libinit.s                        0x00000000   Number         0  libinit.o ABSOLUTE
    ../clib/libinit.s                        0x00000000   Number         0  libshutdown2.o ABSOLUTE
    ../clib/memcpset.s                       0x00000000   Number         0  rt_memclr_w.o ABSOLUTE
    ../clib/memcpset.s                       0x00000000   Number         0  rt_memclr.o ABSOLUTE
    ../clib/printf.c                         0x00000000   Number         0  __printf_flags.o ABSOLUTE
    ../clib/printf.c                         0x00000000   Number         0  __printf_flags_ss_wp.o ABSOLUTE
    ../clib/printf.c                         0x00000000   Number         0  _printf_dec.o ABSOLUTE
    ../clib/printf.c                         0x00000000   Number         0  __printf.o ABSOLUTE
    ../clib/printf.c                         0x00000000   Number         0  _printf_intcommon.o ABSOLUTE
    ../clib/printf.c                         0x00000000   Number         0  _printf_char_file.o ABSOLUTE
    ../clib/printf.c                         0x00000000   Number         0  __2printf.o ABSOLUTE
    ../clib/printf.c                         0x00000000   Number         0  _printf_char_common.o ABSOLUTE
    ../clib/printf.c                         0x00000000   Number         0  __printf_ss_wp.o ABSOLUTE
    ../clib/printf.c                         0x00000000   Number         0  __printf_ss.o ABSOLUTE
    ../clib/printf.c                         0x00000000   Number         0  __printf_flags_ss.o ABSOLUTE
    ../clib/printf.c                         0x00000000   Number         0  __printf_wp.o ABSOLUTE
    ../clib/printf.c                         0x00000000   Number         0  __printf_flags_wp.o ABSOLUTE
    ../clib/printf.c                         0x00000000   Number         0  noretval__2printf.o ABSOLUTE
    ../clib/printf.c                         0x00000000   Number         0  __printf_nopercent.o ABSOLUTE
    ../clib/printf_percent.s                 0x00000000   Number         0  _printf_d.o ABSOLUTE
    ../clib/printf_percent.s                 0x00000000   Number         0  _printf_percent_end.o ABSOLUTE
    ../clib/printf_percent.s                 0x00000000   Number         0  _printf_percent.o ABSOLUTE
    ../clib/signal.c                         0x00000000   Number         0  defsig_rtmem_outer.o ABSOLUTE
    ../clib/signal.c                         0x00000000   Number         0  defsig_rtmem_formal.o ABSOLUTE
    ../clib/signal.c                         0x00000000   Number         0  defsig_rtmem_inner.o ABSOLUTE
    ../clib/signal.c                         0x00000000   Number         0  __raise.o ABSOLUTE
    ../clib/signal.c                         0x00000000   Number         0  defsig_general.o ABSOLUTE
    ../clib/signal.c                         0x00000000   Number         0  defsig_abrt_inner.o ABSOLUTE
    ../clib/signal.c                         0x00000000   Number         0  defsig_fpe_inner.o ABSOLUTE
    ../clib/signal.c                         0x00000000   Number         0  defsig_rtred_inner.o ABSOLUTE
    ../clib/signal.c                         0x00000000   Number         0  defsig_stak_inner.o ABSOLUTE
    ../clib/signal.c                         0x00000000   Number         0  defsig_other.o ABSOLUTE
    ../clib/signal.c                         0x00000000   Number         0  defsig_pvfn_inner.o ABSOLUTE
    ../clib/signal.c                         0x00000000   Number         0  defsig_cppl_inner.o ABSOLUTE
    ../clib/signal.c                         0x00000000   Number         0  defsig_segv_inner.o ABSOLUTE
    ../clib/signal.c                         0x00000000   Number         0  defsig_exit.o ABSOLUTE
    ../clib/signal.s                         0x00000000   Number         0  defsig.o ABSOLUTE
    ../clib/stdio.c                          0x00000000   Number         0  ferror_locked.o ABSOLUTE
    ../clib/stdio.c                          0x00000000   Number         0  ferror.o ABSOLUTE
    ../clib/stdlib.c                         0x00000000   Number         0  exit.o ABSOLUTE
    ../clib/string.c                         0x00000000   Number         0  strlen.o ABSOLUTE
    ../fplib/d2f.s                           0x00000000   Number         0  d2f.o ABSOLUTE
    ../fplib/daddsub.s                       0x00000000   Number         0  daddsub_clz.o ABSOLUTE
    ../fplib/dcmpi.s                         0x00000000   Number         0  dcmpi.o ABSOLUTE
    ../fplib/ddiv.s                          0x00000000   Number         0  ddiv.o ABSOLUTE
    ../fplib/dfix.s                          0x00000000   Number         0  dfix.o ABSOLUTE
    ../fplib/dfixu.s                         0x00000000   Number         0  dfixu.o ABSOLUTE
    ../fplib/dflt.s                          0x00000000   Number         0  dflt_clz.o ABSOLUTE
    ../fplib/dleqf.s                         0x00000000   Number         0  dleqf.o ABSOLUTE
    ../fplib/dmul.s                          0x00000000   Number         0  dmul.o ABSOLUTE
    ../fplib/dnaninf.s                       0x00000000   Number         0  dnaninf.o ABSOLUTE
    ../fplib/dretinf.s                       0x00000000   Number         0  dretinf.o ABSOLUTE
    ../fplib/drleqf.s                        0x00000000   Number         0  drleqf.o ABSOLUTE
    ../fplib/f2d.s                           0x00000000   Number         0  f2d.o ABSOLUTE
    ../fplib/faddsub.s                       0x00000000   Number         0  faddsub_clz.o ABSOLUTE
    ../fplib/fdiv.s                          0x00000000   Number         0  fdiv.o ABSOLUTE
    ../fplib/ffix.s                          0x00000000   Number         0  ffix.o ABSOLUTE
    ../fplib/fflt.s                          0x00000000   Number         0  fflt_clz.o ABSOLUTE
    ../fplib/fnaninf.s                       0x00000000   Number         0  fnaninf.o ABSOLUTE
    ../fplib/fpinit.s                        0x00000000   Number         0  fpinit.o ABSOLUTE
    ../fplib/fretinf.s                       0x00000000   Number         0  fretinf.o ABSOLUTE
    ../fplib/usenofp.s                       0x00000000   Number         0  usenofp.o ABSOLUTE
    ..\CORE\core_cm3.c                       0x00000000   Number         0  core_cm3.o ABSOLUTE
    ..\MKFILE\HX711\HX711.c                  0x00000000   Number         0  hx711.o ABSOLUTE
    ..\MKFILE\KEY\key.c                      0x00000000   Number         0  key.o ABSOLUTE
    ..\MKFILE\OLED\oled.c                    0x00000000   Number         0  oled.o ABSOLUTE
    ..\MKFILE\SOLGUI\Font\Font4x6_ASCII.c    0x00000000   Number         0  font4x6_ascii.o ABSOLUTE
    ..\MKFILE\SOLGUI\Font\Font6x8_ASCII.c    0x00000000   Number         0  font6x8_ascii.o ABSOLUTE
    ..\MKFILE\SOLGUI\Font\Font8x10_ASCII.c   0x00000000   Number         0  font8x10_ascii.o ABSOLUTE
    ..\MKFILE\SOLGUI\Font\Font8x8_ASCII.c    0x00000000   Number         0  font8x8_ascii.o ABSOLUTE
    ..\MKFILE\SOLGUI\SOLGUI_Common.c         0x00000000   Number         0  solgui_common.o ABSOLUTE
    ..\MKFILE\SOLGUI\SOLGUI_GBasic.c         0x00000000   Number         0  solgui_gbasic.o ABSOLUTE
    ..\MKFILE\SOLGUI\SOLGUI_Hardware.c       0x00000000   Number         0  solgui_hardware.o ABSOLUTE
    ..\MKFILE\SOLGUI\SOLGUI_Menu.c           0x00000000   Number         0  solgui_menu.o ABSOLUTE
    ..\MKFILE\SOLGUI\SOLGUI_Picture.c        0x00000000   Number         0  solgui_picture.o ABSOLUTE
    ..\MKFILE\SOLGUI\SOLGUI_Printf.c         0x00000000   Number         0  solgui_printf.o ABSOLUTE
    ..\MKFILE\SOLGUI\SOLGUI_Widget.c         0x00000000   Number         0  solgui_widget.o ABSOLUTE
    ..\MKFILE\TIMER\timer.c                  0x00000000   Number         0  timer.o ABSOLUTE
    ..\MKFILE\menu.c                         0x00000000   Number         0  menu.o ABSOLUTE
    ..\STM32F10x_FWLib\src\misc.c            0x00000000   Number         0  misc.o ABSOLUTE
    ..\STM32F10x_FWLib\src\stm32f10x_adc.c   0x00000000   Number         0  stm32f10x_adc.o ABSOLUTE
    ..\STM32F10x_FWLib\src\stm32f10x_dbgmcu.c 0x00000000   Number         0  stm32f10x_dbgmcu.o ABSOLUTE
    ..\STM32F10x_FWLib\src\stm32f10x_gpio.c  0x00000000   Number         0  stm32f10x_gpio.o ABSOLUTE
    ..\STM32F10x_FWLib\src\stm32f10x_rcc.c   0x00000000   Number         0  stm32f10x_rcc.o ABSOLUTE
    ..\STM32F10x_FWLib\src\stm32f10x_tim.c   0x00000000   Number         0  stm32f10x_tim.o ABSOLUTE
    ..\STM32F10x_FWLib\src\stm32f10x_usart.c 0x00000000   Number         0  stm32f10x_usart.o ABSOLUTE
    ..\SYSTEM\delay\delay.c                  0x00000000   Number         0  delay.o ABSOLUTE
    ..\SYSTEM\sys\sys.c                      0x00000000   Number         0  sys.o ABSOLUTE
    ..\SYSTEM\usart\usart.c                  0x00000000   Number         0  usart.o ABSOLUTE
    ..\\CORE\\core_cm3.c                     0x00000000   Number         0  core_cm3.o ABSOLUTE
    ..\\SYSTEM\\sys\\sys.c                   0x00000000   Number         0  sys.o ABSOLUTE
    RTE\Device\STM32F103C8\startup_stm32f10x_md.s 0x00000000   Number         0  startup_stm32f10x_md.o ABSOLUTE
    RTE\Device\STM32F103C8\system_stm32f10x.c 0x00000000   Number         0  system_stm32f10x.o ABSOLUTE
    dc.s                                     0x00000000   Number         0  dc.o ABSOLUTE
    main.c                                   0x00000000   Number         0  main.o ABSOLUTE
    stm32f10x_it.c                           0x00000000   Number         0  stm32f10x_it.o ABSOLUTE
    RESET                                    0x08000000   Section      236  startup_stm32f10x_md.o(RESET)
    !!!main                                  0x080000ec   Section        8  __main.o(!!!main)
    !!!scatter                               0x080000f4   Section       52  __scatter.o(!!!scatter)
    !!handler_copy                           0x08000128   Section       26  __scatter_copy.o(!!handler_copy)
    !!handler_zi                             0x08000144   Section       28  __scatter_zi.o(!!handler_zi)
    .ARM.Collect$$_printf_percent$$00000000  0x08000160   Section        0  _printf_percent.o(.ARM.Collect$$_printf_percent$$00000000)
    .ARM.Collect$$_printf_percent$$00000009  0x08000160   Section        6  _printf_d.o(.ARM.Collect$$_printf_percent$$00000009)
    .ARM.Collect$$_printf_percent$$00000017  0x08000166   Section        4  _printf_percent_end.o(.ARM.Collect$$_printf_percent$$00000017)
    .ARM.Collect$$libinit$$00000000          0x0800016a   Section        2  libinit.o(.ARM.Collect$$libinit$$00000000)
    .ARM.Collect$$libinit$$00000002          0x0800016c   Section        0  libinit2.o(.ARM.Collect$$libinit$$00000002)
    .ARM.Collect$$libinit$$00000004          0x0800016c   Section        0  libinit2.o(.ARM.Collect$$libinit$$00000004)
    .ARM.Collect$$libinit$$0000000A          0x0800016c   Section        0  libinit2.o(.ARM.Collect$$libinit$$0000000A)
    .ARM.Collect$$libinit$$0000000C          0x0800016c   Section        0  libinit2.o(.ARM.Collect$$libinit$$0000000C)
    .ARM.Collect$$libinit$$0000000E          0x0800016c   Section        0  libinit2.o(.ARM.Collect$$libinit$$0000000E)
    .ARM.Collect$$libinit$$00000011          0x0800016c   Section        0  libinit2.o(.ARM.Collect$$libinit$$00000011)
    .ARM.Collect$$libinit$$00000013          0x0800016c   Section        0  libinit2.o(.ARM.Collect$$libinit$$00000013)
    .ARM.Collect$$libinit$$00000015          0x0800016c   Section        0  libinit2.o(.ARM.Collect$$libinit$$00000015)
    .ARM.Collect$$libinit$$00000017          0x0800016c   Section        0  libinit2.o(.ARM.Collect$$libinit$$00000017)
    .ARM.Collect$$libinit$$00000019          0x0800016c   Section        0  libinit2.o(.ARM.Collect$$libinit$$00000019)
    .ARM.Collect$$libinit$$0000001B          0x0800016c   Section        0  libinit2.o(.ARM.Collect$$libinit$$0000001B)
    .ARM.Collect$$libinit$$0000001D          0x0800016c   Section        0  libinit2.o(.ARM.Collect$$libinit$$0000001D)
    .ARM.Collect$$libinit$$0000001F          0x0800016c   Section        0  libinit2.o(.ARM.Collect$$libinit$$0000001F)
    .ARM.Collect$$libinit$$00000021          0x0800016c   Section        0  libinit2.o(.ARM.Collect$$libinit$$00000021)
    .ARM.Collect$$libinit$$00000023          0x0800016c   Section        0  libinit2.o(.ARM.Collect$$libinit$$00000023)
    .ARM.Collect$$libinit$$00000025          0x0800016c   Section        0  libinit2.o(.ARM.Collect$$libinit$$00000025)
    .ARM.Collect$$libinit$$0000002C          0x0800016c   Section        0  libinit2.o(.ARM.Collect$$libinit$$0000002C)
    .ARM.Collect$$libinit$$0000002E          0x0800016c   Section        0  libinit2.o(.ARM.Collect$$libinit$$0000002E)
    .ARM.Collect$$libinit$$00000030          0x0800016c   Section        0  libinit2.o(.ARM.Collect$$libinit$$00000030)
    .ARM.Collect$$libinit$$00000032          0x0800016c   Section        0  libinit2.o(.ARM.Collect$$libinit$$00000032)
    .ARM.Collect$$libinit$$00000033          0x0800016c   Section        2  libinit2.o(.ARM.Collect$$libinit$$00000033)
    .ARM.Collect$$libshutdown$$00000000      0x0800016e   Section        2  libshutdown.o(.ARM.Collect$$libshutdown$$00000000)
    .ARM.Collect$$libshutdown$$00000002      0x08000170   Section        0  libshutdown2.o(.ARM.Collect$$libshutdown$$00000002)
    .ARM.Collect$$libshutdown$$00000004      0x08000170   Section        0  libshutdown2.o(.ARM.Collect$$libshutdown$$00000004)
    .ARM.Collect$$libshutdown$$00000007      0x08000170   Section        0  libshutdown2.o(.ARM.Collect$$libshutdown$$00000007)
    .ARM.Collect$$libshutdown$$0000000A      0x08000170   Section        0  libshutdown2.o(.ARM.Collect$$libshutdown$$0000000A)
    .ARM.Collect$$libshutdown$$0000000C      0x08000170   Section        0  libshutdown2.o(.ARM.Collect$$libshutdown$$0000000C)
    .ARM.Collect$$libshutdown$$0000000F      0x08000170   Section        0  libshutdown2.o(.ARM.Collect$$libshutdown$$0000000F)
    .ARM.Collect$$libshutdown$$00000010      0x08000170   Section        2  libshutdown2.o(.ARM.Collect$$libshutdown$$00000010)
    .ARM.Collect$$rtentry$$00000000          0x08000172   Section        0  __rtentry.o(.ARM.Collect$$rtentry$$00000000)
    .ARM.Collect$$rtentry$$00000002          0x08000172   Section        0  __rtentry2.o(.ARM.Collect$$rtentry$$00000002)
    .ARM.Collect$$rtentry$$00000004          0x08000172   Section        6  __rtentry4.o(.ARM.Collect$$rtentry$$00000004)
    .ARM.Collect$$rtentry$$00000009          0x08000178   Section        0  __rtentry2.o(.ARM.Collect$$rtentry$$00000009)
    .ARM.Collect$$rtentry$$0000000A          0x08000178   Section        4  __rtentry2.o(.ARM.Collect$$rtentry$$0000000A)
    .ARM.Collect$$rtentry$$0000000C          0x0800017c   Section        0  __rtentry2.o(.ARM.Collect$$rtentry$$0000000C)
    .ARM.Collect$$rtentry$$0000000D          0x0800017c   Section        8  __rtentry2.o(.ARM.Collect$$rtentry$$0000000D)
    .ARM.Collect$$rtexit$$00000000           0x08000184   Section        2  rtexit.o(.ARM.Collect$$rtexit$$00000000)
    .ARM.Collect$$rtexit$$00000002           0x08000186   Section        0  rtexit2.o(.ARM.Collect$$rtexit$$00000002)
    .ARM.Collect$$rtexit$$00000003           0x08000186   Section        4  rtexit2.o(.ARM.Collect$$rtexit$$00000003)
    .ARM.Collect$$rtexit$$00000004           0x0800018a   Section        6  rtexit2.o(.ARM.Collect$$rtexit$$00000004)
    .text                                    0x08000190   Section       64  startup_stm32f10x_md.o(.text)
    .text                                    0x080001d0   Section        2  use_no_semi_2.o(.text)
    .text                                    0x080001d4   Section        0  noretval__2printf.o(.text)
    .text                                    0x080001ec   Section        0  __printf.o(.text)
    .text                                    0x08000254   Section        0  _printf_dec.o(.text)
    .text                                    0x080002cc   Section        0  strlen.o(.text)
    .text                                    0x0800030a   Section       68  rt_memclr.o(.text)
    .text                                    0x0800034e   Section        0  heapauxi.o(.text)
    .text                                    0x08000354   Section        2  use_no_semi.o(.text)
    .text                                    0x08000356   Section        0  _printf_intcommon.o(.text)
    .text                                    0x08000408   Section        0  _printf_char_file.o(.text)
    .text                                    0x0800042c   Section       78  rt_memclr_w.o(.text)
    .text                                    0x0800047c   Section        0  _printf_char_common.o(.text)
    _printf_input_char                       0x0800047d   Thumb Code    10  _printf_char_common.o(.text)
    .text                                    0x080004ac   Section        0  ferror.o(.text)
    .text                                    0x080004b4   Section       74  sys_stackheap_outer.o(.text)
    .text                                    0x080004fe   Section        0  exit.o(.text)
    .text                                    0x08000510   Section        8  libspace.o(.text)
    i.BusFault_Handler                       0x08000518   Section        0  stm32f10x_it.o(i.BusFault_Handler)
    i.DebugMon_Handler                       0x0800051c   Section        0  stm32f10x_it.o(i.DebugMon_Handler)
    i.FIFO_DeQueue                           0x08000520   Section        0  solgui_menu.o(i.FIFO_DeQueue)
    i.FIFO_Init                              0x08000554   Section        0  solgui_menu.o(i.FIFO_Init)
    i.GPIO_Init                              0x0800056c   Section        0  stm32f10x_gpio.o(i.GPIO_Init)
    i.GPIO_PinRemapConfig                    0x08000684   Section        0  stm32f10x_gpio.o(i.GPIO_PinRemapConfig)
    i.GPIO_ResetBits                         0x08000714   Section        0  stm32f10x_gpio.o(i.GPIO_ResetBits)
    i.GPIO_SetBits                           0x08000718   Section        0  stm32f10x_gpio.o(i.GPIO_SetBits)
    i.Get_Maopi                              0x0800071c   Section        0  hx711.o(i.Get_Maopi)
    i.Get_Weight                             0x0800072c   Section        0  hx711.o(i.Get_Weight)
    i.HX711_Read                             0x08000784   Section        0  hx711.o(i.HX711_Read)
    i.HardFault_Handler                      0x080007f8   Section        0  stm32f10x_it.o(i.HardFault_Handler)
    i.I2C_Start                              0x080007fc   Section        0  oled.o(i.I2C_Start)
    i.I2C_Stop                               0x08000830   Section        0  oled.o(i.I2C_Stop)
    i.I2C_WaitAck                            0x08000854   Section        0  oled.o(i.I2C_WaitAck)
    i.IIC_delay                              0x08000880   Section        0  oled.o(i.IIC_delay)
    i.Init_HX711pin                          0x08000890   Section        0  hx711.o(i.Init_HX711pin)
    i.JTAGDisable                            0x080008d0   Section        0  main.o(i.JTAGDisable)
    i.MemManage_Handler                      0x080008e8   Section        0  stm32f10x_it.o(i.MemManage_Handler)
    i.NMI_Handler                            0x080008ec   Section        0  stm32f10x_it.o(i.NMI_Handler)
    i.NVIC_Init                              0x080008f0   Section        0  misc.o(i.NVIC_Init)
    i.NVIC_PriorityGroupConfig               0x08000960   Section        0  misc.o(i.NVIC_PriorityGroupConfig)
    i.OLED_Clear                             0x08000974   Section        0  oled.o(i.OLED_Clear)
    i.OLED_FillScreen                        0x080009a4   Section        0  oled.o(i.OLED_FillScreen)
    i.OLED_Init                              0x080009ec   Section        0  oled.o(i.OLED_Init)
    i.OLED_Refresh                           0x08000af8   Section        0  oled.o(i.OLED_Refresh)
    i.OLED_WR_Byte                           0x08000b60   Section        0  oled.o(i.OLED_WR_Byte)
    i.PendSV_Handler                         0x08000b98   Section        0  stm32f10x_it.o(i.PendSV_Handler)
    i.RCC_APB1PeriphClockCmd                 0x08000b9c   Section        0  stm32f10x_rcc.o(i.RCC_APB1PeriphClockCmd)
    i.RCC_APB2PeriphClockCmd                 0x08000bbc   Section        0  stm32f10x_rcc.o(i.RCC_APB2PeriphClockCmd)
    i.RCC_GetClocksFreq                      0x08000bdc   Section        0  stm32f10x_rcc.o(i.RCC_GetClocksFreq)
    i.SOLGUI_Clean                           0x08000cb0   Section        0  solgui_common.o(i.SOLGUI_Clean)
    i.SOLGUI_Cursor                          0x08000cc4   Section        0  solgui_widget.o(i.SOLGUI_Cursor)
    i.SOLGUI_DrawPoint                       0x08000f24   Section        0  solgui_common.o(i.SOLGUI_DrawPoint)
    i.SOLGUI_GBasic_Line                     0x08000f7c   Section        0  solgui_gbasic.o(i.SOLGUI_GBasic_Line)
    i.SOLGUI_GBasic_Rectangle                0x08001062   Section        0  solgui_gbasic.o(i.SOLGUI_GBasic_Rectangle)
    i.SOLGUI_GetCurrentKey                   0x08001124   Section        0  solgui_menu.o(i.SOLGUI_GetCurrentKey)
    i.SOLGUI_Hardware_FillScreen             0x08001130   Section        0  solgui_hardware.o(i.SOLGUI_Hardware_FillScreen)
    i.SOLGUI_Hardware_Init                   0x0800113c   Section        0  solgui_hardware.o(i.SOLGUI_Hardware_Init)
    i.SOLGUI_Init                            0x0800114c   Section        0  solgui_common.o(i.SOLGUI_Init)
    i.SOLGUI_Menu_PageStage                  0x0800116c   Section        0  solgui_menu.o(i.SOLGUI_Menu_PageStage)
    i.SOLGUI_Menu_SetHomePage                0x080011c8   Section        0  solgui_menu.o(i.SOLGUI_Menu_SetHomePage)
    i.SOLGUI_Menu_Title                      0x080011dc   Section        0  solgui_menu.o(i.SOLGUI_Menu_Title)
    i.SOLGUI_PutChar                         0x0800125c   Section        0  solgui_printf.o(i.SOLGUI_PutChar)
    i.SOLGUI_PutString                       0x08001300   Section        0  solgui_printf.o(i.SOLGUI_PutString)
    i.SOLGUI_Refresh                         0x08001338   Section        0  solgui_common.o(i.SOLGUI_Refresh)
    i.SOLGUI_SwitchFont                      0x0800134c   Section        0  solgui_printf.o(i.SOLGUI_SwitchFont)
    i.SOLGUI_Widget_OptionText               0x08001378   Section        0  solgui_widget.o(i.SOLGUI_Widget_OptionText)
    i.SOLGUI_printf                          0x080013c8   Section        0  solgui_printf.o(i.SOLGUI_printf)
    i.SVC_Handler                            0x080013f0   Section        0  stm32f10x_it.o(i.SVC_Handler)
    i.Send_Byte                              0x080013f4   Section        0  oled.o(i.Send_Byte)
    i.SetSysClock                            0x08001440   Section        0  system_stm32f10x.o(i.SetSysClock)
    SetSysClock                              0x08001441   Thumb Code     8  system_stm32f10x.o(i.SetSysClock)
    i.SetSysClockTo72                        0x08001448   Section        0  system_stm32f10x.o(i.SetSysClockTo72)
    SetSysClockTo72                          0x08001449   Thumb Code   214  system_stm32f10x.o(i.SetSysClockTo72)
    i.SysTick_CLKSourceConfig                0x08001528   Section        0  misc.o(i.SysTick_CLKSourceConfig)
    i.SysTick_Handler                        0x08001550   Section        0  stm32f10x_it.o(i.SysTick_Handler)
    i.SystemInit                             0x08001554   Section        0  system_stm32f10x.o(i.SystemInit)
    i.TIM3_IRQHandler                        0x080015b4   Section        0  timer.o(i.TIM3_IRQHandler)
    i.TIM3_Int_Init                          0x0800164c   Section        0  timer.o(i.TIM3_Int_Init)
    i.TIM_ClearITPendingBit                  0x080016a8   Section        0  stm32f10x_tim.o(i.TIM_ClearITPendingBit)
    i.TIM_Cmd                                0x080016ae   Section        0  stm32f10x_tim.o(i.TIM_Cmd)
    i.TIM_ITConfig                           0x080016c6   Section        0  stm32f10x_tim.o(i.TIM_ITConfig)
    i.TIM_TimeBaseInit                       0x080016d8   Section        0  stm32f10x_tim.o(i.TIM_TimeBaseInit)
    i.USART1_IRQHandler                      0x0800177c   Section        0  usart.o(i.USART1_IRQHandler)
    i.USART_Cmd                              0x08001804   Section        0  stm32f10x_usart.o(i.USART_Cmd)
    i.USART_GetITStatus                      0x0800181c   Section        0  stm32f10x_usart.o(i.USART_GetITStatus)
    i.USART_ITConfig                         0x08001870   Section        0  stm32f10x_usart.o(i.USART_ITConfig)
    i.USART_Init                             0x080018bc   Section        0  stm32f10x_usart.o(i.USART_Init)
    i.USART_ReceiveData                      0x08001994   Section        0  stm32f10x_usart.o(i.USART_ReceiveData)
    i.UsageFault_Handler                     0x0800199e   Section        0  stm32f10x_it.o(i.UsageFault_Handler)
    i._FirstPage                             0x080019a4   Section        0  menu.o(i._FirstPage)
    i._LineModes                             0x080019d0   Section        0  solgui_gbasic.o(i._LineModes)
    i._MODE1                                 0x08001a4e   Section        0  menu.o(i._MODE1)
    i._MODE2                                 0x08001a50   Section        0  menu.o(i._MODE2)
    i._OptionsDisplay_Judge                  0x08001a54   Section        0  solgui_widget.o(i._OptionsDisplay_Judge)
    i._OptionsDisplay_coorY                  0x08001a80   Section        0  solgui_widget.o(i._OptionsDisplay_coorY)
    i.__SOLGUI_printf                        0x08001a9c   Section        0  solgui_printf.o(i.__SOLGUI_printf)
    i._sys_exit                              0x08001f70   Section        0  usart.o(i._sys_exit)
    i.delay_init                             0x08001f78   Section        0  delay.o(i.delay_init)
    i.delay_ms                               0x08001fbc   Section        0  delay.o(i.delay_ms)
    i.delay_us                               0x08002008   Section        0  delay.o(i.delay_us)
    i.fputc                                  0x08002054   Section        0  usart.o(i.fputc)
    i.main                                   0x08002070   Section        0  main.o(i.main)
    i.menu_int                               0x080020bc   Section        0  menu.o(i.menu_int)
    i.uart_init                              0x080020cc   Section        0  usart.o(i.uart_init)
    x$fpl$dadd                               0x0800216c   Section      336  daddsub_clz.o(x$fpl$dadd)
    _dadd1                                   0x0800217d   Thumb Code     0  daddsub_clz.o(x$fpl$dadd)
    x$fpl$dcmpinf                            0x080022bc   Section       24  dcmpi.o(x$fpl$dcmpinf)
    x$fpl$ddiv                               0x080022d4   Section      688  ddiv.o(x$fpl$ddiv)
    ddiv_entry                               0x080022db   Thumb Code     0  ddiv.o(x$fpl$ddiv)
    x$fpl$dfix                               0x08002584   Section       94  dfix.o(x$fpl$dfix)
    x$fpl$dfixu                              0x080025e4   Section       90  dfixu.o(x$fpl$dfixu)
    x$fpl$dflt                               0x0800263e   Section       46  dflt_clz.o(x$fpl$dflt)
    x$fpl$dfltu                              0x0800266c   Section       38  dflt_clz.o(x$fpl$dfltu)
    x$fpl$dleqf                              0x08002694   Section      120  dleqf.o(x$fpl$dleqf)
    x$fpl$dmul                               0x0800270c   Section      340  dmul.o(x$fpl$dmul)
    x$fpl$dnaninf                            0x08002860   Section      156  dnaninf.o(x$fpl$dnaninf)
    x$fpl$dretinf                            0x080028fc   Section       12  dretinf.o(x$fpl$dretinf)
    x$fpl$drsb                               0x08002908   Section       22  daddsub_clz.o(x$fpl$drsb)
    x$fpl$dsub                               0x08002920   Section      468  daddsub_clz.o(x$fpl$dsub)
    _dsub1                                   0x08002931   Thumb Code     0  daddsub_clz.o(x$fpl$dsub)
    x$fpl$fdiv                               0x08002af4   Section      388  fdiv.o(x$fpl$fdiv)
    _fdiv1                                   0x08002af5   Thumb Code     0  fdiv.o(x$fpl$fdiv)
    x$fpl$ffix                               0x08002c78   Section       54  ffix.o(x$fpl$ffix)
    x$fpl$fflt                               0x08002cb0   Section       48  fflt_clz.o(x$fpl$fflt)
    x$fpl$fnaninf                            0x08002ce0   Section      140  fnaninf.o(x$fpl$fnaninf)
    x$fpl$fretinf                            0x08002d6c   Section       10  fretinf.o(x$fpl$fretinf)
    .constdata                               0x08002d76   Section      848  font6x8_ascii.o(.constdata)
    x$fpl$usenofp                            0x08002d76   Section        0  usenofp.o(x$fpl$usenofp)
    .conststring                             0x080030c8   Section       27  menu.o(.conststring)
    .data                                    0x20000000   Section       36  menu.o(.data)
    .data                                    0x20000024   Section       13  hx711.o(.data)
    .data                                    0x20000034   Section       13  timer.o(.data)
    lastweight                               0x20000034   Data           4  timer.o(.data)
    i                                        0x20000038   Data           1  timer.o(.data)
    lastprintweight                          0x2000003c   Data           4  timer.o(.data)
    flag                                     0x20000040   Data           1  timer.o(.data)
    .data                                    0x20000044   Section        6  usart.o(.data)
    .data                                    0x2000004a   Section        4  delay.o(.data)
    fac_us                                   0x2000004a   Data           1  delay.o(.data)
    fac_ms                                   0x2000004c   Data           2  delay.o(.data)
    .data                                    0x2000004e   Section       20  stm32f10x_rcc.o(.data)
    APBAHBPrescTable                         0x2000004e   Data          16  stm32f10x_rcc.o(.data)
    ADCPrescTable                            0x2000005e   Data           4  stm32f10x_rcc.o(.data)
    .data                                    0x20000064   Section       13  solgui_menu.o(.data)
    .data                                    0x20000074   Section        8  solgui_printf.o(.data)
    .data                                    0x2000007c   Section        9  solgui_widget.o(.data)
    spin_pos                                 0x20000084   Data           1  solgui_widget.o(.data)
    .data                                    0x20000088   Section       20  system_stm32f10x.o(.data)
    .bss                                     0x2000009c   Section     1024  oled.o(.bss)
    .bss                                     0x2000049c   Section      200  usart.o(.bss)
    .bss                                     0x20000564   Section     1024  solgui_common.o(.bss)
    .bss                                     0x20000964   Section       28  solgui_widget.o(.bss)
    .bss                                     0x20000980   Section       96  libspace.o(.bss)
    HEAP                                     0x200009e0   Section      512  startup_stm32f10x_md.o(HEAP)
    Heap_Mem                                 0x200009e0   Data         512  startup_stm32f10x_md.o(HEAP)
    STACK                                    0x20000be0   Section     1024  startup_stm32f10x_md.o(STACK)
    Stack_Mem                                0x20000be0   Data        1024  startup_stm32f10x_md.o(STACK)
    __initial_sp                             0x20000fe0   Data           0  startup_stm32f10x_md.o(STACK)

    Global Symbols

    Symbol Name                              Value     Ov Type        Size  Object(Section)

    BuildAttributes$$THM_ISAv4$P$D$K$B$S$PE$A:L22UL41UL21$X:L11$S22US41US21$IEEE1$IW$USESV6$~STKCKD$USESV7$~SHL$OSPACE$ROPI$EBA8$UX$STANDARDLIB$REQ8$PRES8$EABIv2 0x00000000   Number         0  anon$$obj.o ABSOLUTE
    __ARM_use_no_argv                        0x00000000   Number         0  main.o ABSOLUTE
    __ARM_exceptions_init                     - Undefined Weak Reference
    __alloca_initialize                       - Undefined Weak Reference
    __arm_preinit_                            - Undefined Weak Reference
    __cpp_initialize__aeabi_                  - Undefined Weak Reference
    __cxa_finalize                            - Undefined Weak Reference
    __rt_locale                               - Undefined Weak Reference
    __sigvec_lookup                           - Undefined Weak Reference
    _atexit_init                              - Undefined Weak Reference
    _call_atexit_fns                          - Undefined Weak Reference
    _clock_init                               - Undefined Weak Reference
    _fp_trap_init                             - Undefined Weak Reference
    _fp_trap_shutdown                         - Undefined Weak Reference
    _get_lc_collate                           - Undefined Weak Reference
    _get_lc_ctype                             - Undefined Weak Reference
    _get_lc_monetary                          - Undefined Weak Reference
    _get_lc_numeric                           - Undefined Weak Reference
    _get_lc_time                              - Undefined Weak Reference
    _getenv_init                              - Undefined Weak Reference
    _handle_redirection                       - Undefined Weak Reference
    _init_alloc                               - Undefined Weak Reference
    _init_user_alloc                          - Undefined Weak Reference
    _initio                                   - Undefined Weak Reference
    _mutex_acquire                            - Undefined Weak Reference
    _mutex_release                            - Undefined Weak Reference
    _printf_post_padding                      - Undefined Weak Reference
    _printf_pre_padding                       - Undefined Weak Reference
    _printf_truncate_signed                   - Undefined Weak Reference
    _printf_truncate_unsigned                 - Undefined Weak Reference
    _rand_init                                - Undefined Weak Reference
    _signal_finish                            - Undefined Weak Reference
    _signal_init                              - Undefined Weak Reference
    _terminate_alloc                          - Undefined Weak Reference
    _terminate_user_alloc                     - Undefined Weak Reference
    _terminateio                              - Undefined Weak Reference
    __Vectors_Size                           0x000000ec   Number         0  startup_stm32f10x_md.o ABSOLUTE
    __Vectors                                0x08000000   Data           4  startup_stm32f10x_md.o(RESET)
    __Vectors_End                            0x080000ec   Data           0  startup_stm32f10x_md.o(RESET)
    __main                                   0x080000ed   Thumb Code     8  __main.o(!!!main)
    __scatterload                            0x080000f5   Thumb Code     0  __scatter.o(!!!scatter)
    __scatterload_rt2                        0x080000f5   Thumb Code    44  __scatter.o(!!!scatter)
    __scatterload_rt2_thumb_only             0x080000f5   Thumb Code     0  __scatter.o(!!!scatter)
    __scatterload_null                       0x08000103   Thumb Code     0  __scatter.o(!!!scatter)
    __scatterload_copy                       0x08000129   Thumb Code    26  __scatter_copy.o(!!handler_copy)
    __scatterload_zeroinit                   0x08000145   Thumb Code    28  __scatter_zi.o(!!handler_zi)
    _printf_d                                0x08000161   Thumb Code     0  _printf_d.o(.ARM.Collect$$_printf_percent$$00000009)
    _printf_percent                          0x08000161   Thumb Code     0  _printf_percent.o(.ARM.Collect$$_printf_percent$$00000000)
    _printf_percent_end                      0x08000167   Thumb Code     0  _printf_percent_end.o(.ARM.Collect$$_printf_percent$$00000017)
    __rt_lib_init                            0x0800016b   Thumb Code     0  libinit.o(.ARM.Collect$$libinit$$00000000)
    __rt_lib_init_alloca_1                   0x0800016d   Thumb Code     0  libinit2.o(.ARM.Collect$$libinit$$0000002E)
    __rt_lib_init_argv_1                     0x0800016d   Thumb Code     0  libinit2.o(.ARM.Collect$$libinit$$0000002C)
    __rt_lib_init_atexit_1                   0x0800016d   Thumb Code     0  libinit2.o(.ARM.Collect$$libinit$$0000001B)
    __rt_lib_init_clock_1                    0x0800016d   Thumb Code     0  libinit2.o(.ARM.Collect$$libinit$$00000021)
    __rt_lib_init_cpp_1                      0x0800016d   Thumb Code     0  libinit2.o(.ARM.Collect$$libinit$$00000032)
    __rt_lib_init_exceptions_1               0x0800016d   Thumb Code     0  libinit2.o(.ARM.Collect$$libinit$$00000030)
    __rt_lib_init_fp_1                       0x0800016d   Thumb Code     0  libinit2.o(.ARM.Collect$$libinit$$00000002)
    __rt_lib_init_fp_trap_1                  0x0800016d   Thumb Code     0  libinit2.o(.ARM.Collect$$libinit$$0000001F)
    __rt_lib_init_getenv_1                   0x0800016d   Thumb Code     0  libinit2.o(.ARM.Collect$$libinit$$00000023)
    __rt_lib_init_heap_1                     0x0800016d   Thumb Code     0  libinit2.o(.ARM.Collect$$libinit$$0000000A)
    __rt_lib_init_lc_collate_1               0x0800016d   Thumb Code     0  libinit2.o(.ARM.Collect$$libinit$$00000011)
    __rt_lib_init_lc_ctype_1                 0x0800016d   Thumb Code     0  libinit2.o(.ARM.Collect$$libinit$$00000013)
    __rt_lib_init_lc_monetary_1              0x0800016d   Thumb Code     0  libinit2.o(.ARM.Collect$$libinit$$00000015)
    __rt_lib_init_lc_numeric_1               0x0800016d   Thumb Code     0  libinit2.o(.ARM.Collect$$libinit$$00000017)
    __rt_lib_init_lc_time_1                  0x0800016d   Thumb Code     0  libinit2.o(.ARM.Collect$$libinit$$00000019)
    __rt_lib_init_preinit_1                  0x0800016d   Thumb Code     0  libinit2.o(.ARM.Collect$$libinit$$00000004)
    __rt_lib_init_rand_1                     0x0800016d   Thumb Code     0  libinit2.o(.ARM.Collect$$libinit$$0000000E)
    __rt_lib_init_return                     0x0800016d   Thumb Code     0  libinit2.o(.ARM.Collect$$libinit$$00000033)
    __rt_lib_init_signal_1                   0x0800016d   Thumb Code     0  libinit2.o(.ARM.Collect$$libinit$$0000001D)
    __rt_lib_init_stdio_1                    0x0800016d   Thumb Code     0  libinit2.o(.ARM.Collect$$libinit$$00000025)
    __rt_lib_init_user_alloc_1               0x0800016d   Thumb Code     0  libinit2.o(.ARM.Collect$$libinit$$0000000C)
    __rt_lib_shutdown                        0x0800016f   Thumb Code     0  libshutdown.o(.ARM.Collect$$libshutdown$$00000000)
    __rt_lib_shutdown_cpp_1                  0x08000171   Thumb Code     0  libshutdown2.o(.ARM.Collect$$libshutdown$$00000002)
    __rt_lib_shutdown_fp_trap_1              0x08000171   Thumb Code     0  libshutdown2.o(.ARM.Collect$$libshutdown$$00000007)
    __rt_lib_shutdown_heap_1                 0x08000171   Thumb Code     0  libshutdown2.o(.ARM.Collect$$libshutdown$$0000000F)
    __rt_lib_shutdown_return                 0x08000171   Thumb Code     0  libshutdown2.o(.ARM.Collect$$libshutdown$$00000010)
    __rt_lib_shutdown_signal_1               0x08000171   Thumb Code     0  libshutdown2.o(.ARM.Collect$$libshutdown$$0000000A)
    __rt_lib_shutdown_stdio_1                0x08000171   Thumb Code     0  libshutdown2.o(.ARM.Collect$$libshutdown$$00000004)
    __rt_lib_shutdown_user_alloc_1           0x08000171   Thumb Code     0  libshutdown2.o(.ARM.Collect$$libshutdown$$0000000C)
    __rt_entry                               0x08000173   Thumb Code     0  __rtentry.o(.ARM.Collect$$rtentry$$00000000)
    __rt_entry_presh_1                       0x08000173   Thumb Code     0  __rtentry2.o(.ARM.Collect$$rtentry$$00000002)
    __rt_entry_sh                            0x08000173   Thumb Code     0  __rtentry4.o(.ARM.Collect$$rtentry$$00000004)
    __rt_entry_li                            0x08000179   Thumb Code     0  __rtentry2.o(.ARM.Collect$$rtentry$$0000000A)
    __rt_entry_postsh_1                      0x08000179   Thumb Code     0  __rtentry2.o(.ARM.Collect$$rtentry$$00000009)
    __rt_entry_main                          0x0800017d   Thumb Code     0  __rtentry2.o(.ARM.Collect$$rtentry$$0000000D)
    __rt_entry_postli_1                      0x0800017d   Thumb Code     0  __rtentry2.o(.ARM.Collect$$rtentry$$0000000C)
    __rt_exit                                0x08000185   Thumb Code     0  rtexit.o(.ARM.Collect$$rtexit$$00000000)
    __rt_exit_ls                             0x08000187   Thumb Code     0  rtexit2.o(.ARM.Collect$$rtexit$$00000003)
    __rt_exit_prels_1                        0x08000187   Thumb Code     0  rtexit2.o(.ARM.Collect$$rtexit$$00000002)
    __rt_exit_exit                           0x0800018b   Thumb Code     0  rtexit2.o(.ARM.Collect$$rtexit$$00000004)
    Reset_Handler                            0x08000191   Thumb Code     8  startup_stm32f10x_md.o(.text)
    ADC1_2_IRQHandler                        0x080001ab   Thumb Code     0  startup_stm32f10x_md.o(.text)
    CAN1_RX1_IRQHandler                      0x080001ab   Thumb Code     0  startup_stm32f10x_md.o(.text)
    CAN1_SCE_IRQHandler                      0x080001ab   Thumb Code     0  startup_stm32f10x_md.o(.text)
    DMA1_Channel1_IRQHandler                 0x080001ab   Thumb Code     0  startup_stm32f10x_md.o(.text)
    DMA1_Channel2_IRQHandler                 0x080001ab   Thumb Code     0  startup_stm32f10x_md.o(.text)
    DMA1_Channel3_IRQHandler                 0x080001ab   Thumb Code     0  startup_stm32f10x_md.o(.text)
    DMA1_Channel4_IRQHandler                 0x080001ab   Thumb Code     0  startup_stm32f10x_md.o(.text)
    DMA1_Channel5_IRQHandler                 0x080001ab   Thumb Code     0  startup_stm32f10x_md.o(.text)
    DMA1_Channel6_IRQHandler                 0x080001ab   Thumb Code     0  startup_stm32f10x_md.o(.text)
    DMA1_Channel7_IRQHandler                 0x080001ab   Thumb Code     0  startup_stm32f10x_md.o(.text)
    EXTI0_IRQHandler                         0x080001ab   Thumb Code     0  startup_stm32f10x_md.o(.text)
    EXTI15_10_IRQHandler                     0x080001ab   Thumb Code     0  startup_stm32f10x_md.o(.text)
    EXTI1_IRQHandler                         0x080001ab   Thumb Code     0  startup_stm32f10x_md.o(.text)
    EXTI2_IRQHandler                         0x080001ab   Thumb Code     0  startup_stm32f10x_md.o(.text)
    EXTI3_IRQHandler                         0x080001ab   Thumb Code     0  startup_stm32f10x_md.o(.text)
    EXTI4_IRQHandler                         0x080001ab   Thumb Code     0  startup_stm32f10x_md.o(.text)
    EXTI9_5_IRQHandler                       0x080001ab   Thumb Code     0  startup_stm32f10x_md.o(.text)
    FLASH_IRQHandler                         0x080001ab   Thumb Code     0  startup_stm32f10x_md.o(.text)
    I2C1_ER_IRQHandler                       0x080001ab   Thumb Code     0  startup_stm32f10x_md.o(.text)
    I2C1_EV_IRQHandler                       0x080001ab   Thumb Code     0  startup_stm32f10x_md.o(.text)
    I2C2_ER_IRQHandler                       0x080001ab   Thumb Code     0  startup_stm32f10x_md.o(.text)
    I2C2_EV_IRQHandler                       0x080001ab   Thumb Code     0  startup_stm32f10x_md.o(.text)
    PVD_IRQHandler                           0x080001ab   Thumb Code     0  startup_stm32f10x_md.o(.text)
    RCC_IRQHandler                           0x080001ab   Thumb Code     0  startup_stm32f10x_md.o(.text)
    RTCAlarm_IRQHandler                      0x080001ab   Thumb Code     0  startup_stm32f10x_md.o(.text)
    RTC_IRQHandler                           0x080001ab   Thumb Code     0  startup_stm32f10x_md.o(.text)
    SPI1_IRQHandler                          0x080001ab   Thumb Code     0  startup_stm32f10x_md.o(.text)
    SPI2_IRQHandler                          0x080001ab   Thumb Code     0  startup_stm32f10x_md.o(.text)
    TAMPER_IRQHandler                        0x080001ab   Thumb Code     0  startup_stm32f10x_md.o(.text)
    TIM1_BRK_IRQHandler                      0x080001ab   Thumb Code     0  startup_stm32f10x_md.o(.text)
    TIM1_CC_IRQHandler                       0x080001ab   Thumb Code     0  startup_stm32f10x_md.o(.text)
    TIM1_TRG_COM_IRQHandler                  0x080001ab   Thumb Code     0  startup_stm32f10x_md.o(.text)
    TIM1_UP_IRQHandler                       0x080001ab   Thumb Code     0  startup_stm32f10x_md.o(.text)
    TIM2_IRQHandler                          0x080001ab   Thumb Code     0  startup_stm32f10x_md.o(.text)
    TIM4_IRQHandler                          0x080001ab   Thumb Code     0  startup_stm32f10x_md.o(.text)
    USART2_IRQHandler                        0x080001ab   Thumb Code     0  startup_stm32f10x_md.o(.text)
    USART3_IRQHandler                        0x080001ab   Thumb Code     0  startup_stm32f10x_md.o(.text)
    USBWakeUp_IRQHandler                     0x080001ab   Thumb Code     0  startup_stm32f10x_md.o(.text)
    USB_HP_CAN1_TX_IRQHandler                0x080001ab   Thumb Code     0  startup_stm32f10x_md.o(.text)
    USB_LP_CAN1_RX0_IRQHandler               0x080001ab   Thumb Code     0  startup_stm32f10x_md.o(.text)
    WWDG_IRQHandler                          0x080001ab   Thumb Code     0  startup_stm32f10x_md.o(.text)
    __user_initial_stackheap                 0x080001ad   Thumb Code     0  startup_stm32f10x_md.o(.text)
    __use_no_semihosting                     0x080001d1   Thumb Code     2  use_no_semi_2.o(.text)
    __2printf                                0x080001d5   Thumb Code    20  noretval__2printf.o(.text)
    __printf                                 0x080001ed   Thumb Code   104  __printf.o(.text)
    _printf_int_dec                          0x08000255   Thumb Code   104  _printf_dec.o(.text)
    strlen                                   0x080002cd   Thumb Code    62  strlen.o(.text)
    __aeabi_memclr                           0x0800030b   Thumb Code     0  rt_memclr.o(.text)
    __rt_memclr                              0x0800030b   Thumb Code    68  rt_memclr.o(.text)
    _memset                                  0x0800030f   Thumb Code     0  rt_memclr.o(.text)
    __use_two_region_memory                  0x0800034f   Thumb Code     2  heapauxi.o(.text)
    __rt_heap_escrow$2region                 0x08000351   Thumb Code     2  heapauxi.o(.text)
    __rt_heap_expand$2region                 0x08000353   Thumb Code     2  heapauxi.o(.text)
    __I$use$semihosting                      0x08000355   Thumb Code     0  use_no_semi.o(.text)
    __use_no_semihosting_swi                 0x08000355   Thumb Code     2  use_no_semi.o(.text)
    _printf_int_common                       0x08000357   Thumb Code   178  _printf_intcommon.o(.text)
    _printf_char_file                        0x08000409   Thumb Code    32  _printf_char_file.o(.text)
    __aeabi_memclr4                          0x0800042d   Thumb Code     0  rt_memclr_w.o(.text)
    __aeabi_memclr8                          0x0800042d   Thumb Code     0  rt_memclr_w.o(.text)
    __rt_memclr_w                            0x0800042d   Thumb Code    78  rt_memclr_w.o(.text)
    _memset_w                                0x08000431   Thumb Code     0  rt_memclr_w.o(.text)
    _printf_char_common                      0x08000487   Thumb Code    32  _printf_char_common.o(.text)
    ferror                                   0x080004ad   Thumb Code     8  ferror.o(.text)
    __user_setup_stackheap                   0x080004b5   Thumb Code    74  sys_stackheap_outer.o(.text)
    exit                                     0x080004ff   Thumb Code    18  exit.o(.text)
    __user_libspace                          0x08000511   Thumb Code     8  libspace.o(.text)
    __user_perproc_libspace                  0x08000511   Thumb Code     0  libspace.o(.text)
    __user_perthread_libspace                0x08000511   Thumb Code     0  libspace.o(.text)
    BusFault_Handler                         0x08000519   Thumb Code     4  stm32f10x_it.o(i.BusFault_Handler)
    DebugMon_Handler                         0x0800051d   Thumb Code     2  stm32f10x_it.o(i.DebugMon_Handler)
    FIFO_DeQueue                             0x08000521   Thumb Code    46  solgui_menu.o(i.FIFO_DeQueue)
    FIFO_Init                                0x08000555   Thumb Code    18  solgui_menu.o(i.FIFO_Init)
    GPIO_Init                                0x0800056d   Thumb Code   278  stm32f10x_gpio.o(i.GPIO_Init)
    GPIO_PinRemapConfig                      0x08000685   Thumb Code   138  stm32f10x_gpio.o(i.GPIO_PinRemapConfig)
    GPIO_ResetBits                           0x08000715   Thumb Code     4  stm32f10x_gpio.o(i.GPIO_ResetBits)
    GPIO_SetBits                             0x08000719   Thumb Code     4  stm32f10x_gpio.o(i.GPIO_SetBits)
    Get_Maopi                                0x0800071d   Thumb Code    12  hx711.o(i.Get_Maopi)
    Get_Weight                               0x0800072d   Thumb Code    72  hx711.o(i.Get_Weight)
    HX711_Read                               0x08000785   Thumb Code   108  hx711.o(i.HX711_Read)
    HardFault_Handler                        0x080007f9   Thumb Code     4  stm32f10x_it.o(i.HardFault_Handler)
    I2C_Start                                0x080007fd   Thumb Code    48  oled.o(i.I2C_Start)
    I2C_Stop                                 0x08000831   Thumb Code    32  oled.o(i.I2C_Stop)
    I2C_WaitAck                              0x08000855   Thumb Code    40  oled.o(i.I2C_WaitAck)
    IIC_delay                                0x08000881   Thumb Code    16  oled.o(i.IIC_delay)
    Init_HX711pin                            0x08000891   Thumb Code    58  hx711.o(i.Init_HX711pin)
    JTAGDisable                              0x080008d1   Thumb Code    20  main.o(i.JTAGDisable)
    MemManage_Handler                        0x080008e9   Thumb Code     4  stm32f10x_it.o(i.MemManage_Handler)
    NMI_Handler                              0x080008ed   Thumb Code     2  stm32f10x_it.o(i.NMI_Handler)
    NVIC_Init                                0x080008f1   Thumb Code   100  misc.o(i.NVIC_Init)
    NVIC_PriorityGroupConfig                 0x08000961   Thumb Code    10  misc.o(i.NVIC_PriorityGroupConfig)
    OLED_Clear                               0x08000975   Thumb Code    42  oled.o(i.OLED_Clear)
    OLED_FillScreen                          0x080009a5   Thumb Code    70  oled.o(i.OLED_FillScreen)
    OLED_Init                                0x080009ed   Thumb Code   262  oled.o(i.OLED_Init)
    OLED_Refresh                             0x08000af9   Thumb Code   100  oled.o(i.OLED_Refresh)
    OLED_WR_Byte                             0x08000b61   Thumb Code    56  oled.o(i.OLED_WR_Byte)
    PendSV_Handler                           0x08000b99   Thumb Code     2  stm32f10x_it.o(i.PendSV_Handler)
    RCC_APB1PeriphClockCmd                   0x08000b9d   Thumb Code    26  stm32f10x_rcc.o(i.RCC_APB1PeriphClockCmd)
    RCC_APB2PeriphClockCmd                   0x08000bbd   Thumb Code    26  stm32f10x_rcc.o(i.RCC_APB2PeriphClockCmd)
    RCC_GetClocksFreq                        0x08000bdd   Thumb Code   192  stm32f10x_rcc.o(i.RCC_GetClocksFreq)
    SOLGUI_Clean                             0x08000cb1   Thumb Code    14  solgui_common.o(i.SOLGUI_Clean)
    SOLGUI_Cursor                            0x08000cc5   Thumb Code   590  solgui_widget.o(i.SOLGUI_Cursor)
    SOLGUI_DrawPoint                         0x08000f25   Thumb Code    82  solgui_common.o(i.SOLGUI_DrawPoint)
    SOLGUI_GBasic_Line                       0x08000f7d   Thumb Code   230  solgui_gbasic.o(i.SOLGUI_GBasic_Line)
    SOLGUI_GBasic_Rectangle                  0x08001063   Thumb Code   194  solgui_gbasic.o(i.SOLGUI_GBasic_Rectangle)
    SOLGUI_GetCurrentKey                     0x08001125   Thumb Code     6  solgui_menu.o(i.SOLGUI_GetCurrentKey)
    SOLGUI_Hardware_FillScreen               0x08001131   Thumb Code    12  solgui_hardware.o(i.SOLGUI_Hardware_FillScreen)
    SOLGUI_Hardware_Init                     0x0800113d   Thumb Code    16  solgui_hardware.o(i.SOLGUI_Hardware_Init)
    SOLGUI_Init                              0x0800114d   Thumb Code    26  solgui_common.o(i.SOLGUI_Init)
    SOLGUI_Menu_PageStage                    0x0800116d   Thumb Code    74  solgui_menu.o(i.SOLGUI_Menu_PageStage)
    SOLGUI_Menu_SetHomePage                  0x080011c9   Thumb Code    14  solgui_menu.o(i.SOLGUI_Menu_SetHomePage)
    SOLGUI_Menu_Title                        0x080011dd   Thumb Code   110  solgui_menu.o(i.SOLGUI_Menu_Title)
    SOLGUI_PutChar                           0x0800125d   Thumb Code   164  solgui_printf.o(i.SOLGUI_PutChar)
    SOLGUI_PutString                         0x08001301   Thumb Code    56  solgui_printf.o(i.SOLGUI_PutString)
    SOLGUI_Refresh                           0x08001339   Thumb Code    14  solgui_common.o(i.SOLGUI_Refresh)
    SOLGUI_SwitchFont                        0x0800134d   Thumb Code    38  solgui_printf.o(i.SOLGUI_SwitchFont)
    SOLGUI_Widget_OptionText                 0x08001379   Thumb Code    76  solgui_widget.o(i.SOLGUI_Widget_OptionText)
    SOLGUI_printf                            0x080013c9   Thumb Code    40  solgui_printf.o(i.SOLGUI_printf)
    SVC_Handler                              0x080013f1   Thumb Code     2  stm32f10x_it.o(i.SVC_Handler)
    Send_Byte                                0x080013f5   Thumb Code    70  oled.o(i.Send_Byte)
    SysTick_CLKSourceConfig                  0x08001529   Thumb Code    40  misc.o(i.SysTick_CLKSourceConfig)
    SysTick_Handler                          0x08001551   Thumb Code     2  stm32f10x_it.o(i.SysTick_Handler)
    SystemInit                               0x08001555   Thumb Code    78  system_stm32f10x.o(i.SystemInit)
    TIM3_IRQHandler                          0x080015b5   Thumb Code   122  timer.o(i.TIM3_IRQHandler)
    TIM3_Int_Init                            0x0800164d   Thumb Code    88  timer.o(i.TIM3_Int_Init)
    TIM_ClearITPendingBit                    0x080016a9   Thumb Code     6  stm32f10x_tim.o(i.TIM_ClearITPendingBit)
    TIM_Cmd                                  0x080016af   Thumb Code    24  stm32f10x_tim.o(i.TIM_Cmd)
    TIM_ITConfig                             0x080016c7   Thumb Code    18  stm32f10x_tim.o(i.TIM_ITConfig)
    TIM_TimeBaseInit                         0x080016d9   Thumb Code   122  stm32f10x_tim.o(i.TIM_TimeBaseInit)
    USART1_IRQHandler                        0x0800177d   Thumb Code   122  usart.o(i.USART1_IRQHandler)
    USART_Cmd                                0x08001805   Thumb Code    24  stm32f10x_usart.o(i.USART_Cmd)
    USART_GetITStatus                        0x0800181d   Thumb Code    84  stm32f10x_usart.o(i.USART_GetITStatus)
    USART_ITConfig                           0x08001871   Thumb Code    74  stm32f10x_usart.o(i.USART_ITConfig)
    USART_Init                               0x080018bd   Thumb Code   210  stm32f10x_usart.o(i.USART_Init)
    USART_ReceiveData                        0x08001995   Thumb Code    10  stm32f10x_usart.o(i.USART_ReceiveData)
    UsageFault_Handler                       0x0800199f   Thumb Code     4  stm32f10x_it.o(i.UsageFault_Handler)
    _FirstPage                               0x080019a5   Thumb Code    26  menu.o(i._FirstPage)
    _LineModes                               0x080019d1   Thumb Code   126  solgui_gbasic.o(i._LineModes)
    _MODE1                                   0x08001a4f   Thumb Code     2  menu.o(i._MODE1)
    _MODE2                                   0x08001a51   Thumb Code     2  menu.o(i._MODE2)
    _OptionsDisplay_Judge                    0x08001a55   Thumb Code    38  solgui_widget.o(i._OptionsDisplay_Judge)
    _OptionsDisplay_coorY                    0x08001a81   Thumb Code    22  solgui_widget.o(i._OptionsDisplay_coorY)
    __SOLGUI_printf                          0x08001a9d   Thumb Code  1232  solgui_printf.o(i.__SOLGUI_printf)
    _sys_exit                                0x08001f71   Thumb Code     6  usart.o(i._sys_exit)
    delay_init                               0x08001f79   Thumb Code    50  delay.o(i.delay_init)
    delay_ms                                 0x08001fbd   Thumb Code    72  delay.o(i.delay_ms)
    delay_us                                 0x08002009   Thumb Code    72  delay.o(i.delay_us)
    fputc                                    0x08002055   Thumb Code    24  usart.o(i.fputc)
    main                                     0x08002071   Thumb Code    74  main.o(i.main)
    menu_int                                 0x080020bd   Thumb Code    10  menu.o(i.menu_int)
    uart_init                                0x080020cd   Thumb Code   152  usart.o(i.uart_init)
    __aeabi_dadd                             0x0800216d   Thumb Code     0  daddsub_clz.o(x$fpl$dadd)
    _dadd                                    0x0800216d   Thumb Code   332  daddsub_clz.o(x$fpl$dadd)
    __fpl_dcmp_Inf                           0x080022bd   Thumb Code    24  dcmpi.o(x$fpl$dcmpinf)
    __aeabi_ddiv                             0x080022d5   Thumb Code     0  ddiv.o(x$fpl$ddiv)
    _ddiv                                    0x080022d5   Thumb Code   552  ddiv.o(x$fpl$ddiv)
    __aeabi_d2iz                             0x08002585   Thumb Code     0  dfix.o(x$fpl$dfix)
    _dfix                                    0x08002585   Thumb Code    94  dfix.o(x$fpl$dfix)
    __aeabi_d2uiz                            0x080025e5   Thumb Code     0  dfixu.o(x$fpl$dfixu)
    _dfixu                                   0x080025e5   Thumb Code    90  dfixu.o(x$fpl$dfixu)
    __aeabi_i2d                              0x0800263f   Thumb Code     0  dflt_clz.o(x$fpl$dflt)
    _dflt                                    0x0800263f   Thumb Code    46  dflt_clz.o(x$fpl$dflt)
    __aeabi_ui2d                             0x0800266d   Thumb Code     0  dflt_clz.o(x$fpl$dfltu)
    _dfltu                                   0x0800266d   Thumb Code    38  dflt_clz.o(x$fpl$dfltu)
    __aeabi_cdcmple                          0x08002695   Thumb Code     0  dleqf.o(x$fpl$dleqf)
    _dcmple                                  0x08002695   Thumb Code   120  dleqf.o(x$fpl$dleqf)
    __fpl_dcmple_InfNaN                      0x080026f7   Thumb Code     0  dleqf.o(x$fpl$dleqf)
    __aeabi_dmul                             0x0800270d   Thumb Code     0  dmul.o(x$fpl$dmul)
    _dmul                                    0x0800270d   Thumb Code   332  dmul.o(x$fpl$dmul)
    __fpl_dnaninf                            0x08002861   Thumb Code   156  dnaninf.o(x$fpl$dnaninf)
    __fpl_dretinf                            0x080028fd   Thumb Code    12  dretinf.o(x$fpl$dretinf)
    __aeabi_drsub                            0x08002909   Thumb Code     0  daddsub_clz.o(x$fpl$drsb)
    _drsb                                    0x08002909   Thumb Code    22  daddsub_clz.o(x$fpl$drsb)
    __aeabi_dsub                             0x08002921   Thumb Code     0  daddsub_clz.o(x$fpl$dsub)
    _dsub                                    0x08002921   Thumb Code   464  daddsub_clz.o(x$fpl$dsub)
    __aeabi_fdiv                             0x08002af5   Thumb Code     0  fdiv.o(x$fpl$fdiv)
    _fdiv                                    0x08002af5   Thumb Code   384  fdiv.o(x$fpl$fdiv)
    __aeabi_f2iz                             0x08002c79   Thumb Code     0  ffix.o(x$fpl$ffix)
    _ffix                                    0x08002c79   Thumb Code    54  ffix.o(x$fpl$ffix)
    __aeabi_i2f                              0x08002cb1   Thumb Code     0  fflt_clz.o(x$fpl$fflt)
    _fflt                                    0x08002cb1   Thumb Code    48  fflt_clz.o(x$fpl$fflt)
    __fpl_fnaninf                            0x08002ce1   Thumb Code   140  fnaninf.o(x$fpl$fnaninf)
    __fpl_fretinf                            0x08002d6d   Thumb Code    10  fretinf.o(x$fpl$fretinf)
    _Font6x8                                 0x08002d76   Data         848  font6x8_ascii.o(.constdata)
    __I$use$fp                               0x08002d76   Number         0  usenofp.o(x$fpl$usenofp)
    Region$$Table$$Base                      0x080030e4   Number         0  anon$$obj.o(Region$$Table)
    Region$$Table$$Limit                     0x08003104   Number         0  anon$$obj.o(Region$$Table)
    FirstPage                                0x20000000   Data          12  menu.o(.data)
    MODE1                                    0x2000000c   Data          12  menu.o(.data)
    MODE2                                    0x20000018   Data          12  menu.o(.data)
    HX711_Buffer                             0x20000024   Data           4  hx711.o(.data)
    Weight_Maopi                             0x20000028   Data           4  hx711.o(.data)
    Weight_Shiwu                             0x2000002c   Data           4  hx711.o(.data)
    Flag_Error                               0x20000030   Data           1  hx711.o(.data)
    __stdout                                 0x20000044   Data           4  usart.o(.data)
    USART_RX_STA                             0x20000048   Data           2  usart.o(.data)
    current_page                             0x20000064   Data           4  solgui_menu.o(.data)
    _key_cache                               0x20000068   Data           7  solgui_menu.o(.data)
    cur_key                                  0x2000006f   Data           1  solgui_menu.o(.data)
    SOLGUI_CSR                               0x20000070   Data           1  solgui_menu.o(.data)
    _fontInfo_6x8                            0x20000074   Data           8  solgui_printf.o(.data)
    KEY_RIGHT_USE_FLAG                       0x2000007c   Data           1  solgui_widget.o(.data)
    cursor                                   0x20000080   Data           4  solgui_widget.o(.data)
    SystemCoreClock                          0x20000088   Data           4  system_stm32f10x.o(.data)
    AHBPrescTable                            0x2000008c   Data          16  system_stm32f10x.o(.data)
    OLED_GRAM                                0x2000009c   Data        1024  oled.o(.bss)
    USART_RX_BUF                             0x2000049c   Data         200  usart.o(.bss)
    SOLGUI_GRAM                              0x20000564   Data        1024  solgui_common.o(.bss)
    cursor_reg                               0x20000964   Data          12  solgui_widget.o(.bss)
    option_enable_list                       0x20000970   Data          16  solgui_widget.o(.bss)
    __libspace_start                         0x20000980   Data          96  libspace.o(.bss)
    __temporary_stack_top$libspace           0x200009e0   Data           0  libspace.o(.bss)



==============================================================================

Memory Map of the image

  Image Entry point : 0x08000191

  Load Region LR_1 (Base: 0x08000000, Size: 0x000031a0, Max: 0xffffffff, ABSOLUTE)

    Execution Region ER_RO (Exec base: 0x08000000, Load base: 0x08000000, Size: 0x00003104, Max: 0xffffffff, ABSOLUTE)

    Exec Addr    Load Addr    Size         Type   Attr      Idx    E Section Name        Object

    0x08000000   0x08000000   0x000000ec   Data   RO         2397    RESET               startup_stm32f10x_md.o
    0x080000ec   0x080000ec   0x00000008   Code   RO         2476  * !!!main             c_w.l(__main.o)
    0x080000f4   0x080000f4   0x00000034   Code   RO         2711    !!!scatter          c_w.l(__scatter.o)
    0x08000128   0x08000128   0x0000001a   Code   RO         2713    !!handler_copy      c_w.l(__scatter_copy.o)
    0x08000142   0x08000142   0x00000002   PAD
    0x08000144   0x08000144   0x0000001c   Code   RO         2715    !!handler_zi        c_w.l(__scatter_zi.o)
    0x08000160   0x08000160   0x00000000   Code   RO         2469    .ARM.Collect$$_printf_percent$$00000000  c_w.l(_printf_percent.o)
    0x08000160   0x08000160   0x00000006   Code   RO         2468    .ARM.Collect$$_printf_percent$$00000009  c_w.l(_printf_d.o)
    0x08000166   0x08000166   0x00000004   Code   RO         2539    .ARM.Collect$$_printf_percent$$00000017  c_w.l(_printf_percent_end.o)
    0x0800016a   0x0800016a   0x00000002   Code   RO         2585    .ARM.Collect$$libinit$$00000000  c_w.l(libinit.o)
    0x0800016c   0x0800016c   0x00000000   Code   RO         2592    .ARM.Collect$$libinit$$00000002  c_w.l(libinit2.o)
    0x0800016c   0x0800016c   0x00000000   Code   RO         2594    .ARM.Collect$$libinit$$00000004  c_w.l(libinit2.o)
    0x0800016c   0x0800016c   0x00000000   Code   RO         2597    .ARM.Collect$$libinit$$0000000A  c_w.l(libinit2.o)
    0x0800016c   0x0800016c   0x00000000   Code   RO         2599    .ARM.Collect$$libinit$$0000000C  c_w.l(libinit2.o)
    0x0800016c   0x0800016c   0x00000000   Code   RO         2601    .ARM.Collect$$libinit$$0000000E  c_w.l(libinit2.o)
    0x0800016c   0x0800016c   0x00000000   Code   RO         2604    .ARM.Collect$$libinit$$00000011  c_w.l(libinit2.o)
    0x0800016c   0x0800016c   0x00000000   Code   RO         2606    .ARM.Collect$$libinit$$00000013  c_w.l(libinit2.o)
    0x0800016c   0x0800016c   0x00000000   Code   RO         2608    .ARM.Collect$$libinit$$00000015  c_w.l(libinit2.o)
    0x0800016c   0x0800016c   0x00000000   Code   RO         2610    .ARM.Collect$$libinit$$00000017  c_w.l(libinit2.o)
    0x0800016c   0x0800016c   0x00000000   Code   RO         2612    .ARM.Collect$$libinit$$00000019  c_w.l(libinit2.o)
    0x0800016c   0x0800016c   0x00000000   Code   RO         2614    .ARM.Collect$$libinit$$0000001B  c_w.l(libinit2.o)
    0x0800016c   0x0800016c   0x00000000   Code   RO         2616    .ARM.Collect$$libinit$$0000001D  c_w.l(libinit2.o)
    0x0800016c   0x0800016c   0x00000000   Code   RO         2618    .ARM.Collect$$libinit$$0000001F  c_w.l(libinit2.o)
    0x0800016c   0x0800016c   0x00000000   Code   RO         2620    .ARM.Collect$$libinit$$00000021  c_w.l(libinit2.o)
    0x0800016c   0x0800016c   0x00000000   Code   RO         2622    .ARM.Collect$$libinit$$00000023  c_w.l(libinit2.o)
    0x0800016c   0x0800016c   0x00000000   Code   RO         2624    .ARM.Collect$$libinit$$00000025  c_w.l(libinit2.o)
    0x0800016c   0x0800016c   0x00000000   Code   RO         2628    .ARM.Collect$$libinit$$0000002C  c_w.l(libinit2.o)
    0x0800016c   0x0800016c   0x00000000   Code   RO         2630    .ARM.Collect$$libinit$$0000002E  c_w.l(libinit2.o)
    0x0800016c   0x0800016c   0x00000000   Code   RO         2632    .ARM.Collect$$libinit$$00000030  c_w.l(libinit2.o)
    0x0800016c   0x0800016c   0x00000000   Code   RO         2634    .ARM.Collect$$libinit$$00000032  c_w.l(libinit2.o)
    0x0800016c   0x0800016c   0x00000002   Code   RO         2635    .ARM.Collect$$libinit$$00000033  c_w.l(libinit2.o)
    0x0800016e   0x0800016e   0x00000002   Code   RO         2653    .ARM.Collect$$libshutdown$$00000000  c_w.l(libshutdown.o)
    0x08000170   0x08000170   0x00000000   Code   RO         2663    .ARM.Collect$$libshutdown$$00000002  c_w.l(libshutdown2.o)
    0x08000170   0x08000170   0x00000000   Code   RO         2665    .ARM.Collect$$libshutdown$$00000004  c_w.l(libshutdown2.o)
    0x08000170   0x08000170   0x00000000   Code   RO         2668    .ARM.Collect$$libshutdown$$00000007  c_w.l(libshutdown2.o)
    0x08000170   0x08000170   0x00000000   Code   RO         2671    .ARM.Collect$$libshutdown$$0000000A  c_w.l(libshutdown2.o)
    0x08000170   0x08000170   0x00000000   Code   RO         2673    .ARM.Collect$$libshutdown$$0000000C  c_w.l(libshutdown2.o)
    0x08000170   0x08000170   0x00000000   Code   RO         2676    .ARM.Collect$$libshutdown$$0000000F  c_w.l(libshutdown2.o)
    0x08000170   0x08000170   0x00000002   Code   RO         2677    .ARM.Collect$$libshutdown$$00000010  c_w.l(libshutdown2.o)
    0x08000172   0x08000172   0x00000000   Code   RO         2534    .ARM.Collect$$rtentry$$00000000  c_w.l(__rtentry.o)
    0x08000172   0x08000172   0x00000000   Code   RO         2554    .ARM.Collect$$rtentry$$00000002  c_w.l(__rtentry2.o)
    0x08000172   0x08000172   0x00000006   Code   RO         2566    .ARM.Collect$$rtentry$$00000004  c_w.l(__rtentry4.o)
    0x08000178   0x08000178   0x00000000   Code   RO         2556    .ARM.Collect$$rtentry$$00000009  c_w.l(__rtentry2.o)
    0x08000178   0x08000178   0x00000004   Code   RO         2557    .ARM.Collect$$rtentry$$0000000A  c_w.l(__rtentry2.o)
    0x0800017c   0x0800017c   0x00000000   Code   RO         2559    .ARM.Collect$$rtentry$$0000000C  c_w.l(__rtentry2.o)
    0x0800017c   0x0800017c   0x00000008   Code   RO         2560    .ARM.Collect$$rtentry$$0000000D  c_w.l(__rtentry2.o)
    0x08000184   0x08000184   0x00000002   Code   RO         2589    .ARM.Collect$$rtexit$$00000000  c_w.l(rtexit.o)
    0x08000186   0x08000186   0x00000000   Code   RO         2637    .ARM.Collect$$rtexit$$00000002  c_w.l(rtexit2.o)
    0x08000186   0x08000186   0x00000004   Code   RO         2638    .ARM.Collect$$rtexit$$00000003  c_w.l(rtexit2.o)
    0x0800018a   0x0800018a   0x00000006   Code   RO         2639    .ARM.Collect$$rtexit$$00000004  c_w.l(rtexit2.o)
    0x08000190   0x08000190   0x00000040   Code   RO         2398  * .text               startup_stm32f10x_md.o
    0x080001d0   0x080001d0   0x00000002   Code   RO         2438    .text               c_w.l(use_no_semi_2.o)
    0x080001d2   0x080001d2   0x00000002   PAD
    0x080001d4   0x080001d4   0x00000018   Code   RO         2442    .text               c_w.l(noretval__2printf.o)
    0x080001ec   0x080001ec   0x00000068   Code   RO         2444    .text               c_w.l(__printf.o)
    0x08000254   0x08000254   0x00000078   Code   RO         2446    .text               c_w.l(_printf_dec.o)
    0x080002cc   0x080002cc   0x0000003e   Code   RO         2470    .text               c_w.l(strlen.o)
    0x0800030a   0x0800030a   0x00000044   Code   RO         2472    .text               c_w.l(rt_memclr.o)
    0x0800034e   0x0800034e   0x00000006   Code   RO         2474    .text               c_w.l(heapauxi.o)
    0x08000354   0x08000354   0x00000002   Code   RO         2532    .text               c_w.l(use_no_semi.o)
    0x08000356   0x08000356   0x000000b2   Code   RO         2535    .text               c_w.l(_printf_intcommon.o)
    0x08000408   0x08000408   0x00000024   Code   RO         2537    .text               c_w.l(_printf_char_file.o)
    0x0800042c   0x0800042c   0x0000004e   Code   RO         2540    .text               c_w.l(rt_memclr_w.o)
    0x0800047a   0x0800047a   0x00000002   PAD
    0x0800047c   0x0800047c   0x00000030   Code   RO         2568    .text               c_w.l(_printf_char_common.o)
    0x080004ac   0x080004ac   0x00000008   Code   RO         2570    .text               c_w.l(ferror.o)
    0x080004b4   0x080004b4   0x0000004a   Code   RO         2574    .text               c_w.l(sys_stackheap_outer.o)
    0x080004fe   0x080004fe   0x00000012   Code   RO         2578    .text               c_w.l(exit.o)
    0x08000510   0x08000510   0x00000008   Code   RO         2586    .text               c_w.l(libspace.o)
    0x08000518   0x08000518   0x00000004   Code   RO          179    i.BusFault_Handler  stm32f10x_it.o
    0x0800051c   0x0800051c   0x00000002   Code   RO          180    i.DebugMon_Handler  stm32f10x_it.o
    0x0800051e   0x0800051e   0x00000002   PAD
    0x08000520   0x08000520   0x00000034   Code   RO         2199    i.FIFO_DeQueue      solgui_menu.o
    0x08000554   0x08000554   0x00000018   Code   RO         2201    i.FIFO_Init         solgui_menu.o
    0x0800056c   0x0800056c   0x00000116   Code   RO          745    i.GPIO_Init         stm32f10x_gpio.o
    0x08000682   0x08000682   0x00000002   PAD
    0x08000684   0x08000684   0x00000090   Code   RO          747    i.GPIO_PinRemapConfig  stm32f10x_gpio.o
    0x08000714   0x08000714   0x00000004   Code   RO          752    i.GPIO_ResetBits    stm32f10x_gpio.o
    0x08000718   0x08000718   0x00000004   Code   RO          753    i.GPIO_SetBits      stm32f10x_gpio.o
    0x0800071c   0x0800071c   0x00000010   Code   RO          538    i.Get_Maopi         hx711.o
    0x0800072c   0x0800072c   0x00000058   Code   RO          539    i.Get_Weight        hx711.o
    0x08000784   0x08000784   0x00000074   Code   RO          540    i.HX711_Read        hx711.o
    0x080007f8   0x080007f8   0x00000004   Code   RO          181    i.HardFault_Handler  stm32f10x_it.o
    0x080007fc   0x080007fc   0x00000034   Code   RO          377    i.I2C_Start         oled.o
    0x08000830   0x08000830   0x00000024   Code   RO          378    i.I2C_Stop          oled.o
    0x08000854   0x08000854   0x0000002c   Code   RO          379    i.I2C_WaitAck       oled.o
    0x08000880   0x08000880   0x00000010   Code   RO          380    i.IIC_delay         oled.o
    0x08000890   0x08000890   0x00000040   Code   RO          541    i.Init_HX711pin     hx711.o
    0x080008d0   0x080008d0   0x00000018   Code   RO            1    i.JTAGDisable       main.o
    0x080008e8   0x080008e8   0x00000004   Code   RO          182    i.MemManage_Handler  stm32f10x_it.o
    0x080008ec   0x080008ec   0x00000002   Code   RO          183    i.NMI_Handler       stm32f10x_it.o
    0x080008ee   0x080008ee   0x00000002   PAD
    0x080008f0   0x080008f0   0x00000070   Code   RO          703    i.NVIC_Init         misc.o
    0x08000960   0x08000960   0x00000014   Code   RO          704    i.NVIC_PriorityGroupConfig  misc.o
    0x08000974   0x08000974   0x00000030   Code   RO          381    i.OLED_Clear        oled.o
    0x080009a4   0x080009a4   0x00000046   Code   RO          389    i.OLED_FillScreen   oled.o
    0x080009ea   0x080009ea   0x00000002   PAD
    0x080009ec   0x080009ec   0x0000010c   Code   RO          390    i.OLED_Init         oled.o
    0x08000af8   0x08000af8   0x00000068   Code   RO          392    i.OLED_Refresh      oled.o
    0x08000b60   0x08000b60   0x00000038   Code   RO          399    i.OLED_WR_Byte      oled.o
    0x08000b98   0x08000b98   0x00000002   Code   RO          184    i.PendSV_Handler    stm32f10x_it.o
    0x08000b9a   0x08000b9a   0x00000002   PAD
    0x08000b9c   0x08000b9c   0x00000020   Code   RO          879    i.RCC_APB1PeriphClockCmd  stm32f10x_rcc.o
    0x08000bbc   0x08000bbc   0x00000020   Code   RO          881    i.RCC_APB2PeriphClockCmd  stm32f10x_rcc.o
    0x08000bdc   0x08000bdc   0x000000d4   Code   RO          889    i.RCC_GetClocksFreq  stm32f10x_rcc.o
    0x08000cb0   0x08000cb0   0x00000014   Code   RO         2075    i.SOLGUI_Clean      solgui_common.o
    0x08000cc4   0x08000cc4   0x00000260   Code   RO         2318    i.SOLGUI_Cursor     solgui_widget.o
    0x08000f24   0x08000f24   0x00000058   Code   RO         2076    i.SOLGUI_DrawPoint  solgui_common.o
    0x08000f7c   0x08000f7c   0x000000e6   Code   RO         2121    i.SOLGUI_GBasic_Line  solgui_gbasic.o
    0x08001062   0x08001062   0x000000c2   Code   RO         2123    i.SOLGUI_GBasic_Rectangle  solgui_gbasic.o
    0x08001124   0x08001124   0x0000000c   Code   RO         2202    i.SOLGUI_GetCurrentKey  solgui_menu.o
    0x08001130   0x08001130   0x0000000c   Code   RO         2157    i.SOLGUI_Hardware_FillScreen  solgui_hardware.o
    0x0800113c   0x0800113c   0x00000010   Code   RO         2158    i.SOLGUI_Hardware_Init  solgui_hardware.o
    0x0800114c   0x0800114c   0x00000020   Code   RO         2077    i.SOLGUI_Init       solgui_common.o
    0x0800116c   0x0800116c   0x0000005c   Code   RO         2204    i.SOLGUI_Menu_PageStage  solgui_menu.o
    0x080011c8   0x080011c8   0x00000014   Code   RO         2205    i.SOLGUI_Menu_SetHomePage  solgui_menu.o
    0x080011dc   0x080011dc   0x00000080   Code   RO         2206    i.SOLGUI_Menu_Title  solgui_menu.o
    0x0800125c   0x0800125c   0x000000a4   Code   RO         2275    i.SOLGUI_PutChar    solgui_printf.o
    0x08001300   0x08001300   0x00000038   Code   RO         2276    i.SOLGUI_PutString  solgui_printf.o
    0x08001338   0x08001338   0x00000014   Code   RO         2078    i.SOLGUI_Refresh    solgui_common.o
    0x0800134c   0x0800134c   0x0000002c   Code   RO         2277    i.SOLGUI_SwitchFont  solgui_printf.o
    0x08001378   0x08001378   0x00000050   Code   RO         2322    i.SOLGUI_Widget_OptionText  solgui_widget.o
    0x080013c8   0x080013c8   0x00000028   Code   RO         2278    i.SOLGUI_printf     solgui_printf.o
    0x080013f0   0x080013f0   0x00000002   Code   RO          185    i.SVC_Handler       stm32f10x_it.o
    0x080013f2   0x080013f2   0x00000002   PAD
    0x080013f4   0x080013f4   0x0000004c   Code   RO          400    i.Send_Byte         oled.o
    0x08001440   0x08001440   0x00000008   Code   RO         2402    i.SetSysClock       system_stm32f10x.o
    0x08001448   0x08001448   0x000000e0   Code   RO         2403    i.SetSysClockTo72   system_stm32f10x.o
    0x08001528   0x08001528   0x00000028   Code   RO          707    i.SysTick_CLKSourceConfig  misc.o
    0x08001550   0x08001550   0x00000002   Code   RO          186    i.SysTick_Handler   stm32f10x_it.o
    0x08001552   0x08001552   0x00000002   PAD
    0x08001554   0x08001554   0x00000060   Code   RO         2405    i.SystemInit        system_stm32f10x.o
    0x080015b4   0x080015b4   0x00000098   Code   RO          574    i.TIM3_IRQHandler   timer.o
    0x0800164c   0x0800164c   0x0000005c   Code   RO          575    i.TIM3_Int_Init     timer.o
    0x080016a8   0x080016a8   0x00000006   Code   RO         1490    i.TIM_ClearITPendingBit  stm32f10x_tim.o
    0x080016ae   0x080016ae   0x00000018   Code   RO         1495    i.TIM_Cmd           stm32f10x_tim.o
    0x080016c6   0x080016c6   0x00000012   Code   RO         1520    i.TIM_ITConfig      stm32f10x_tim.o
    0x080016d8   0x080016d8   0x000000a4   Code   RO         1566    i.TIM_TimeBaseInit  stm32f10x_tim.o
    0x0800177c   0x0800177c   0x00000088   Code   RO          597    i.USART1_IRQHandler  usart.o
    0x08001804   0x08001804   0x00000018   Code   RO         1081    i.USART_Cmd         stm32f10x_usart.o
    0x0800181c   0x0800181c   0x00000054   Code   RO         1085    i.USART_GetITStatus  stm32f10x_usart.o
    0x08001870   0x08001870   0x0000004a   Code   RO         1087    i.USART_ITConfig    stm32f10x_usart.o
    0x080018ba   0x080018ba   0x00000002   PAD
    0x080018bc   0x080018bc   0x000000d8   Code   RO         1088    i.USART_Init        stm32f10x_usart.o
    0x08001994   0x08001994   0x0000000a   Code   RO         1095    i.USART_ReceiveData  stm32f10x_usart.o
    0x0800199e   0x0800199e   0x00000004   Code   RO          187    i.UsageFault_Handler  stm32f10x_it.o
    0x080019a2   0x080019a2   0x00000002   PAD
    0x080019a4   0x080019a4   0x0000002c   Code   RO          268    i._FirstPage        menu.o
    0x080019d0   0x080019d0   0x0000007e   Code   RO         2124    i._LineModes        solgui_gbasic.o
    0x08001a4e   0x08001a4e   0x00000002   Code   RO          269    i._MODE1            menu.o
    0x08001a50   0x08001a50   0x00000002   Code   RO          270    i._MODE2            menu.o
    0x08001a52   0x08001a52   0x00000002   PAD
    0x08001a54   0x08001a54   0x0000002c   Code   RO         2326    i._OptionsDisplay_Judge  solgui_widget.o
    0x08001a80   0x08001a80   0x0000001c   Code   RO         2327    i._OptionsDisplay_coorY  solgui_widget.o
    0x08001a9c   0x08001a9c   0x000004d4   Code   RO         2279    i.__SOLGUI_printf   solgui_printf.o
    0x08001f70   0x08001f70   0x00000006   Code   RO          598    i._sys_exit         usart.o
    0x08001f76   0x08001f76   0x00000002   PAD
    0x08001f78   0x08001f78   0x00000044   Code   RO          638    i.delay_init        delay.o
    0x08001fbc   0x08001fbc   0x0000004c   Code   RO          639    i.delay_ms          delay.o
    0x08002008   0x08002008   0x0000004c   Code   RO          640    i.delay_us          delay.o
    0x08002054   0x08002054   0x0000001c   Code   RO          599    i.fputc             usart.o
    0x08002070   0x08002070   0x0000004a   Code   RO            2    i.main              main.o
    0x080020ba   0x080020ba   0x00000002   PAD
    0x080020bc   0x080020bc   0x00000010   Code   RO          271    i.menu_int          menu.o
    0x080020cc   0x080020cc   0x000000a0   Code   RO          600    i.uart_init         usart.o
    0x0800216c   0x0800216c   0x00000150   Code   RO         2480    x$fpl$dadd          fz_ws.l(daddsub_clz.o)
    0x080022bc   0x080022bc   0x00000018   Code   RO         2542    x$fpl$dcmpinf       fz_ws.l(dcmpi.o)
    0x080022d4   0x080022d4   0x000002b0   Code   RO         2487    x$fpl$ddiv          fz_ws.l(ddiv.o)
    0x08002584   0x08002584   0x0000005e   Code   RO         2490    x$fpl$dfix          fz_ws.l(dfix.o)
    0x080025e2   0x080025e2   0x00000002   PAD
    0x080025e4   0x080025e4   0x0000005a   Code   RO         2494    x$fpl$dfixu         fz_ws.l(dfixu.o)
    0x0800263e   0x0800263e   0x0000002e   Code   RO         2499    x$fpl$dflt          fz_ws.l(dflt_clz.o)
    0x0800266c   0x0800266c   0x00000026   Code   RO         2498    x$fpl$dfltu         fz_ws.l(dflt_clz.o)
    0x08002692   0x08002692   0x00000002   PAD
    0x08002694   0x08002694   0x00000078   Code   RO         2504    x$fpl$dleqf         fz_ws.l(dleqf.o)
    0x0800270c   0x0800270c   0x00000154   Code   RO         2506    x$fpl$dmul          fz_ws.l(dmul.o)
    0x08002860   0x08002860   0x0000009c   Code   RO         2544    x$fpl$dnaninf       fz_ws.l(dnaninf.o)
    0x080028fc   0x080028fc   0x0000000c   Code   RO         2546    x$fpl$dretinf       fz_ws.l(dretinf.o)
    0x08002908   0x08002908   0x00000016   Code   RO         2481    x$fpl$drsb          fz_ws.l(daddsub_clz.o)
    0x0800291e   0x0800291e   0x00000002   PAD
    0x08002920   0x08002920   0x000001d4   Code   RO         2482    x$fpl$dsub          fz_ws.l(daddsub_clz.o)
    0x08002af4   0x08002af4   0x00000184   Code   RO         2519    x$fpl$fdiv          fz_ws.l(fdiv.o)
    0x08002c78   0x08002c78   0x00000036   Code   RO         2522    x$fpl$ffix          fz_ws.l(ffix.o)
    0x08002cae   0x08002cae   0x00000002   PAD
    0x08002cb0   0x08002cb0   0x00000030   Code   RO         2527    x$fpl$fflt          fz_ws.l(fflt_clz.o)
    0x08002ce0   0x08002ce0   0x0000008c   Code   RO         2548    x$fpl$fnaninf       fz_ws.l(fnaninf.o)
    0x08002d6c   0x08002d6c   0x0000000a   Code   RO         2550    x$fpl$fretinf       fz_ws.l(fretinf.o)
    0x08002d76   0x08002d76   0x00000000   Code   RO         2552    x$fpl$usenofp       fz_ws.l(usenofp.o)
    0x08002d76   0x08002d76   0x00000350   Data   RO         2043    .constdata          font6x8_ascii.o
    0x080030c6   0x080030c6   0x00000002   PAD
    0x080030c8   0x080030c8   0x0000001b   Data   RO          272    .conststring        menu.o
    0x080030e3   0x080030e3   0x00000001   PAD
    0x080030e4   0x080030e4   0x00000020   Data   RO         2709    Region$$Table       anon$$obj.o


    Execution Region ER_RW (Exec base: 0x20000000, Load base: 0x08003104, Size: 0x0000009c, Max: 0xffffffff, ABSOLUTE)

    Exec Addr    Load Addr    Size         Type   Attr      Idx    E Section Name        Object

    0x20000000   0x08003104   0x00000024   Data   RW          273    .data               menu.o
    0x20000024   0x08003128   0x0000000d   Data   RW          542    .data               hx711.o
    0x20000031   0x08003135   0x00000003   PAD
    0x20000034   0x08003138   0x0000000d   Data   RW          576    .data               timer.o
    0x20000041   0x08003145   0x00000003   PAD
    0x20000044   0x08003148   0x00000006   Data   RW          602    .data               usart.o
    0x2000004a   0x0800314e   0x00000004   Data   RW          641    .data               delay.o
    0x2000004e   0x08003152   0x00000014   Data   RW          909    .data               stm32f10x_rcc.o
    0x20000062   0x08003166   0x00000002   PAD
    0x20000064   0x08003168   0x0000000d   Data   RW         2207    .data               solgui_menu.o
    0x20000071   0x08003175   0x00000003   PAD
    0x20000074   0x08003178   0x00000008   Data   RW         2280    .data               solgui_printf.o
    0x2000007c   0x08003180   0x00000009   Data   RW         2330    .data               solgui_widget.o
    0x20000085   0x08003189   0x00000003   PAD
    0x20000088   0x0800318c   0x00000014   Data   RW         2406    .data               system_stm32f10x.o


    Execution Region ER_ZI (Exec base: 0x2000009c, Load base: 0x080031a0, Size: 0x00000f44, Max: 0xffffffff, ABSOLUTE)

    Exec Addr    Load Addr    Size         Type   Attr      Idx    E Section Name        Object

    0x2000009c        -       0x00000400   Zero   RW          401    .bss                oled.o
    0x2000049c        -       0x000000c8   Zero   RW          601    .bss                usart.o
    0x20000564        -       0x00000400   Zero   RW         2079    .bss                solgui_common.o
    0x20000964        -       0x0000001c   Zero   RW         2329    .bss                solgui_widget.o
    0x20000980        -       0x00000060   Zero   RW         2587    .bss                c_w.l(libspace.o)
    0x200009e0        -       0x00000200   Zero   RW         2396    HEAP                startup_stm32f10x_md.o
    0x20000be0        -       0x00000400   Zero   RW         2395    STACK               startup_stm32f10x_md.o


==============================================================================

Image component sizes


      Code (inc. data)   RO Data    RW Data    ZI Data      Debug   Object Name

       220         26          0          4          0       1607   delay.o
         0          0          0          0          0        428   font4x6_ascii.o
         0          0        848          0          0        599   font6x8_ascii.o
       284         34          0         13          0       2286   hx711.o
        98          4          0          0          0     252665   main.o
        64         24         27         36          0       2466   menu.o
       172         22          0          0          0       1937   misc.o
       770         34          0          0       1024       6576   oled.o
       160         24          0          0       1024       4875   solgui_common.o
       550          0          0          0          0       2724   solgui_gbasic.o
        28          0          0          0          0     202708   solgui_hardware.o
       328         60          0         13          0       3746   solgui_menu.o
      1540         10          0          8          0       5338   solgui_printf.o
       760         34          0          9         28       5396   solgui_widget.o
        64         26        236          0       1536        804   startup_stm32f10x_md.o
       430          6          0          0          0       3730   stm32f10x_gpio.o
        26          0          0          0          0       3442   stm32f10x_it.o
       276         32          0         20          0       4290   stm32f10x_rcc.o
       212         42          0          0          0       2724   stm32f10x_tim.o
       408          6          0          0          0       4830   stm32f10x_usart.o
         0          0          0          0          0         32   sys.o
       328         28          0         20          0       2153   system_stm32f10x.o
       244         34          0         13          0       1258   timer.o
       330         26          0          6        200       3992   usart.o

    ----------------------------------------------------------------------
      7316        472       1146        156       3812     520606   Object Totals
         0          0         32          0          0          0   (incl. Generated)
        24          0          3         14          0          0   (incl. Padding)

    ----------------------------------------------------------------------

      Code (inc. data)   RO Data    RW Data    ZI Data      Debug   Library Member Name

         8          0          0          0          0         68   __main.o
       104          0          0          0          0         84   __printf.o
         0          0          0          0          0          0   __rtentry.o
        12          0          0          0          0          0   __rtentry2.o
         6          0          0          0          0          0   __rtentry4.o
        52          8          0          0          0          0   __scatter.o
        26          0          0          0          0          0   __scatter_copy.o
        28          0          0          0          0          0   __scatter_zi.o
        48          6          0          0          0         96   _printf_char_common.o
        36          4          0          0          0         80   _printf_char_file.o
         6          0          0          0          0          0   _printf_d.o
       120         16          0          0          0         92   _printf_dec.o
       178          0          0          0          0         88   _printf_intcommon.o
         0          0          0          0          0          0   _printf_percent.o
         4          0          0          0          0          0   _printf_percent_end.o
        18          0          0          0          0         80   exit.o
         8          0          0          0          0         68   ferror.o
         6          0          0          0          0        152   heapauxi.o
         2          0          0          0          0          0   libinit.o
         2          0          0          0          0          0   libinit2.o
         2          0          0          0          0          0   libshutdown.o
         2          0          0          0          0          0   libshutdown2.o
         8          4          0          0         96         68   libspace.o
        24          4          0          0          0         84   noretval__2printf.o
        68          0          0          0          0         68   rt_memclr.o
        78          0          0          0          0         80   rt_memclr_w.o
         2          0          0          0          0          0   rtexit.o
        10          0          0          0          0          0   rtexit2.o
        62          0          0          0          0         76   strlen.o
        74          0          0          0          0         80   sys_stackheap_outer.o
         2          0          0          0          0         68   use_no_semi.o
         2          0          0          0          0         68   use_no_semi_2.o
       826         16          0          0          0        348   daddsub_clz.o
        24          0          0          0          0         68   dcmpi.o
       688        140          0          0          0        208   ddiv.o
        94          4          0          0          0         92   dfix.o
        90          4          0          0          0         92   dfixu.o
        84          0          0          0          0        136   dflt_clz.o
       120          4          0          0          0         92   dleqf.o
       340         12          0          0          0        104   dmul.o
       156          4          0          0          0         92   dnaninf.o
        12          0          0          0          0         68   dretinf.o
       388         76          0          0          0         96   fdiv.o
        54          4          0          0          0         84   ffix.o
        48          0          0          0          0         68   fflt_clz.o
       140          4          0          0          0         84   fnaninf.o
        10          0          0          0          0         68   fretinf.o
         0          0          0          0          0          0   usenofp.o

    ----------------------------------------------------------------------
      4086        310          0          0         96       3100   Library Totals
        14          0          0          0          0          0   (incl. Padding)

    ----------------------------------------------------------------------

      Code (inc. data)   RO Data    RW Data    ZI Data      Debug   Library Name

       998         42          0          0         96       1400   c_w.l
      3074        268          0          0          0       1700   fz_ws.l

    ----------------------------------------------------------------------
      4086        310          0          0         96       3100   Library Totals

    ----------------------------------------------------------------------

==============================================================================


      Code (inc. data)   RO Data    RW Data    ZI Data      Debug   

     11402        782       1146        156       3908     517982   Grand Totals
     11402        782       1146        156       3908     517982   ELF Image Totals
     11402        782       1146        156          0          0   ROM Totals

==============================================================================

    Total RO  Size (Code + RO Data)                12548 (  12.25kB)
    Total RW  Size (RW Data + ZI Data)              4064 (   3.97kB)
    Total ROM Size (Code + RO Data + RW Data)      12704 (  12.41kB)

==============================================================================

